// Jest Snapshot v1, https://goo.gl/fbAQLP

exports[`ConditionForm renders properly 1`] = `
<Row
  gutter={
    Array [
      16,
      24,
    ]
  }
>
  <Col
    span={1}
  />
  <Col
    span={20}
  >
    <Form
      colon={true}
      hideRequiredMark={false}
      layout="horizontal"
      onSubmit={[MockFunction]}
    >
      <Field
        component={[Function]}
        id="condition"
        name="condition"
        required={true}
        validate={
          Array [
            [Function],
          ]
        }
      />
      <div
        className="right center-mobile"
      >
        <ForwardRef
          cancelText="No"
          okText="Yes"
          onConfirm={[MockFunction]}
          placement="topRight"
          title="Are you sure you want to cancel?"
        >
          <Button
            className="full-mobile"
            type="secondary"
          >
            Cancel
          </Button>
        </ForwardRef>
        <Button
          className="full-mobile"
          htmlType="submit"
          loading={false}
          type="primary"
        >
          Save
        </Button>
      </div>
    </Form>
  </Col>
  <Col
    span={3}
  />
</Row>
`;
