// Jest Snapshot v1, https://goo.gl/fbAQLP

exports[`ModalWrapper renders properly 1`] = `
<Modal
  closable={false}
  confirmLoading={false}
  footer={null}
  maskTransitionName="fade"
  okType="primary"
  title="mockTitle"
  transitionName="zoom"
  visible={false}
  width={810}
>
  <Connect(LoadingBar)
    scope="modal"
    style={
      Object {
        "backgroundColor": "#6b6363",
        "height": "8px",
        "left": 0,
        "position": "absolute",
        "top": "50px",
        "width": "100%",
        "zIndex": 100,
      }
    }
  />
  <mockConstructor
    closeModal={[MockFunction]}
    title="mockTitle"
  />
</Modal>
`;
