// Jest Snapshot v1, https://goo.gl/fbAQLP

exports[`RequestReportForm renders form properly 1`] = `
<div
  style="min-height: 380px;"
>
  <form
    class="ant-form ant-form-vertical common-form common-form-ADD_REPORT_TO_PERMIT_CONDITION-1639 form-view"
    id="ADD_REPORT_TO_PERMIT_CONDITION-1639"
  >
    <div
      class="ant-row"
      style="margin: -8px -8px -8px -8px;"
    >
      <div
        class="ant-col ant-col-24"
        style="padding: 8px 8px 8px 8px;"
      >
        <div
          class="view-item ant-form-item"
        >
          <div
            class="ant-typography view-item-label"
          >
            Condition
          </div>
          <div
            class="ant-typography view-item-value"
          >
            N/A
          </div>
        </div>
      </div>
      <div
        class="ant-col ant-col-24"
        style="padding: 8px 8px 8px 8px;"
      >
        <div
          class="view-item ant-form-item"
        >
          <div
            class="ant-typography view-item-label"
          >
            Report Type
          </div>
          <div
            class="ant-typography view-item-value"
          >
            N/A
          </div>
        </div>
      </div>
      <div
        class="ant-col ant-col-12"
        style="padding: 8px 8px 8px 8px;"
      >
        <div
          class="view-item ant-form-item"
        >
          <div
            class="ant-typography view-item-label"
          >
            Report Frequency
          </div>
          <div
            class="ant-typography view-item-value"
          >
            N/A
          </div>
        </div>
      </div>
      <div
        class="ant-col ant-col-sm-24 ant-col-md-12"
        style="padding: 8px 8px 8px 8px;"
      >
        <div
          class="view-item ant-form-item"
        >
          <div
            class="ant-typography view-item-label"
          >
            Initial Due Date
          </div>
          <div
            class="ant-typography view-item-value"
          >
            N/A
          </div>
        </div>
      </div>
      <div
        class="ant-col ant-col-sm-24 ant-col-md-12"
        style="padding: 8px 8px 8px 8px;"
      >
        <div
          class="ant-form-item view-item"
        >
          <div
            class="ant-row ant-form-item-row"
          >
            <div
              class="ant-col ant-form-item-label"
            >
              <label
                class=""
                for="ADD_REPORT_TO_PERMIT_CONDITION-1639_cim_or_cpo"
                title=""
              >
                <div
                  class="view-item-label"
                  style=""
                >
                  <div>
                    Who is the report for?
                     
                  </div>
                </div>
              </label>
            </div>
            <div
              class="ant-col ant-form-item-control"
            >
              <div
                class="ant-form-item-control-input"
              >
                <div
                  class="ant-form-item-control-input-content"
                >
                  <div
                    class="ant-radio-group ant-radio-group-solid vertical-radio-group view-item"
                  >
                    <label
                      class="ant-radio-wrapper ant-radio-wrapper-disabled ant-radio-wrapper-in-form-item"
                    >
                      <span
                        class="ant-radio ant-radio-disabled"
                      >
                        <input
                          class="ant-radio-input"
                          disabled=""
                          name="cim_or_cpo"
                          type="radio"
                          value="CPO"
                        />
                        <span
                          class="ant-radio-inner"
                        />
                      </span>
                      <span>
                        Chief Permitting Officer
                      </span>
                    </label>
                    <label
                      class="ant-radio-wrapper ant-radio-wrapper-disabled ant-radio-wrapper-in-form-item"
                    >
                      <span
                        class="ant-radio ant-radio-disabled"
                      >
                        <input
                          class="ant-radio-input"
                          disabled=""
                          name="cim_or_cpo"
                          type="radio"
                          value="CIM"
                        />
                        <span
                          class="ant-radio-inner"
                        />
                      </span>
                      <span>
                        Chief Inspector of Mines
                      </span>
                    </label>
                    <label
                      class="ant-radio-wrapper ant-radio-wrapper-disabled ant-radio-wrapper-in-form-item"
                    >
                      <span
                        class="ant-radio ant-radio-disabled"
                      >
                        <input
                          class="ant-radio-input"
                          disabled=""
                          name="cim_or_cpo"
                          type="radio"
                          value="BOTH"
                        />
                        <span
                          class="ant-radio-inner"
                        />
                      </span>
                      <span>
                        Both
                      </span>
                    </label>
                    <label
                      class="ant-radio-wrapper ant-radio-wrapper-disabled ant-radio-wrapper-in-form-item"
                    >
                      <span
                        class="ant-radio ant-radio-disabled"
                      >
                        <input
                          class="ant-radio-input"
                          disabled=""
                          name="cim_or_cpo"
                          type="radio"
                          value="NONE"
                        />
                        <span
                          class="ant-radio-inner"
                        />
                      </span>
                      <span>
                        Not Specified
                      </span>
                    </label>
                  </div>
                </div>
              </div>
              <div
                style="display: flex; flex-wrap: nowrap;"
              />
            </div>
          </div>
        </div>
      </div>
      <div
        class="ant-col ant-col-sm-24 ant-col-md-12"
        style="padding: 8px 8px 8px 8px;"
      >
        <div
          class="ant-form-item view-item"
        >
          <div
            class="ant-row ant-form-item-row"
          >
            <div
              class="ant-col ant-form-item-label"
            >
              <label
                class=""
                for="ADD_REPORT_TO_PERMIT_CONDITION-1639_ministry_recipient"
                title=""
              >
                <div
                  class="view-item-label"
                >
                  What office is the report for?
                </div>
              </label>
            </div>
            <div
              class="ant-col ant-form-item-control"
            >
              <div
                class="ant-form-item-control-input"
              >
                <div
                  class="ant-form-item-control-input-content"
                >
                  <div
                    class="ant-checkbox-group view-group-checkbox"
                    id="ADD_REPORT_TO_PERMIT_CONDITION-1639_ministry_recipient"
                    name="ministry_recipient"
                  >
                    <label
                      class="ant-checkbox-wrapper ant-checkbox-wrapper-disabled ant-checkbox-wrapper-in-form-item ant-checkbox-group-item"
                    >
                      <span
                        class="ant-checkbox ant-checkbox-disabled"
                      >
                        <input
                          class="ant-checkbox-input"
                          disabled=""
                          name="ministry_recipient"
                          type="checkbox"
                          value="MMO"
                        />
                        <span
                          class="ant-checkbox-inner"
                        />
                      </span>
                      <span>
                        Major Mines Office
                      </span>
                    </label>
                    <label
                      class="ant-checkbox-wrapper ant-checkbox-wrapper-disabled ant-checkbox-wrapper-in-form-item ant-checkbox-group-item"
                    >
                      <span
                        class="ant-checkbox ant-checkbox-disabled"
                      >
                        <input
                          class="ant-checkbox-input"
                          disabled=""
                          name="ministry_recipient"
                          type="checkbox"
                          value="HS"
                        />
                        <span
                          class="ant-checkbox-inner"
                        />
                      </span>
                      <span>
                        Health and Safety
                      </span>
                    </label>
                    <label
                      class="ant-checkbox-wrapper ant-checkbox-wrapper-disabled ant-checkbox-wrapper-in-form-item ant-checkbox-group-item"
                    >
                      <span
                        class="ant-checkbox ant-checkbox-disabled"
                      >
                        <input
                          class="ant-checkbox-input"
                          disabled=""
                          name="ministry_recipient"
                          type="checkbox"
                          value="RO"
                        />
                        <span
                          class="ant-checkbox-inner"
                        />
                      </span>
                      <span>
                        Regional Office
                      </span>
                    </label>
                    <label
                      class="ant-checkbox-wrapper ant-checkbox-wrapper-disabled ant-checkbox-wrapper-in-form-item ant-checkbox-group-item"
                    >
                      <span
                        class="ant-checkbox ant-checkbox-disabled"
                      >
                        <input
                          class="ant-checkbox-input"
                          disabled=""
                          name="ministry_recipient"
                          type="checkbox"
                          value="MOE"
                        />
                        <span
                          class="ant-checkbox-inner"
                        />
                      </span>
                      <span>
                        Ministry of Environment
                      </span>
                    </label>
                  </div>
                </div>
              </div>
              <div
                style="display: flex; flex-wrap: nowrap;"
              />
            </div>
          </div>
        </div>
      </div>
    </div>
    <div
      class="ant-row"
    >
      <div
        class="ant-col ant-col-sm-24 ant-col-md-12"
      />
      <div
        class="ant-col ant-col-sm-24 ant-col-md-12"
      />
    </div>
  </form>
</div>
`;
