// Jest Snapshot v1, https://goo.gl/fbAQLP

exports[`Camps renders properly 1`] = `
<div>
  <CoreEditableTable
    fieldID="activity_detail_id"
    fieldName="details"
    isViewMode={true}
    tableContent={
      Array [
        Object {
          "component": [Function],
          "minRows": 1,
          "title": "Name",
          "validate": Array [
            [Function],
          ],
          "value": "activity_type_description",
        },
        Object {
          "component": [Function],
          "title": "Disturbed Area (ha)",
          "validate": Array [
            [Function],
            [Function],
          ],
          "value": "disturbed_area",
        },
        Object {
          "component": [Function],
          "title": "Merchantable timber volume (m3)",
          "validate": Array [
            [Function],
            [Function],
          ],
          "value": "timber_volume",
        },
      ]
    }
    type="Activity"
  />
  <br />
  <h4>
    Fuel
  </h4>
  <Row
    gutter={16}
  >
    <Col
      md={12}
      sm={24}
    >
      <div
        className="field-title"
      >
        Do you propose to store fuel?
        <NOWOriginalValueTooltip
          isVisible={true}
          originalValue="N/A"
          style={Object {}}
        />
      </div>
      <Field
        component={[Function]}
        disabled={true}
        id="has_fuel_stored"
        name="has_fuel_stored"
        validate={
          Array [
            [Function],
          ]
        }
      />
    </Col>
    <Col
      md={12}
      sm={24}
    >
      <div
        className="field-title"
      >
        Volume of fuel stored
        <NOWOriginalValueTooltip
          isVisible={true}
          originalValue="N/A"
          style={Object {}}
        />
      </div>
      <Field
        component={[Function]}
        disabled={true}
        id="volume_fuel_stored"
        name="volume_fuel_stored"
        validate={
          Array [
            [Function],
          ]
        }
      />
    </Col>
  </Row>
  <Row
    gutter={16}
  >
    <Col
      md={12}
      sm={24}
    >
      <div
        className="field-title"
      >
        Storage Method
      </div>
      <Col
        md={12}
        sm={24}
      >
        <Field
          component={[Function]}
          disabled={true}
          id="has_fuel_stored_in_bulk"
          label={
            <span>
              Bulk
              <NOWOriginalValueTooltip
                isVisible={true}
                originalValue="N/A"
                style={
                  Object {
                    "marginLeft": "20%",
                  }
                }
              />
            </span>
          }
          name="has_fuel_stored_in_bulk"
          validate={
            Array [
              [Function],
            ]
          }
        />
      </Col>
      <Col
        md={12}
        sm={24}
      >
        <Field
          component={[Function]}
          disabled={true}
          id="has_fuel_stored_in_barrels"
          label={
            <span>
              Barrel
              <NOWOriginalValueTooltip
                isVisible={true}
                originalValue="N/A"
                style={
                  Object {
                    "marginLeft": "20%",
                  }
                }
              />
            </span>
          }
          name="has_fuel_stored_in_barrels"
          validate={
            Array [
              [Function],
            ]
          }
        />
      </Col>
    </Col>
  </Row>
  <br />
  <h4>
    Reclamation Program
  </h4>
  <Row
    gutter={16}
  >
    <Col
      md={12}
      sm={24}
    >
      <div
        className="field-title"
      >
        Proposed reclamation and timing for this specific activity
        <NOWOriginalValueTooltip
          isVisible={true}
          originalValue="N/A"
          style={Object {}}
        />
      </div>
      <Field
        component={[Function]}
        disabled={true}
        id="reclamation_description"
        name="reclamation_description"
        validate={
          Array [
            [Function],
          ]
        }
      />
    </Col>
    <Col
      md={12}
      sm={24}
    >
      <div
        className="field-title"
      >
        Estimated Cost of reclamation activities described above
        <NOWOriginalValueTooltip
          isVisible={true}
          originalValue="N/A"
          style={Object {}}
        />
      </div>
      <Field
        component={[Function]}
        disabled={true}
        id="reclamation_cost"
        name="reclamation_cost"
        validate={
          Array [
            [Function],
          ]
        }
      />
    </Col>
  </Row>
</div>
`;
