// Jest Snapshot v1, https://goo.gl/fbAQLP

exports[`SettlingPonds renders properly 1`] = `
<div>
  <Row
    gutter={16}
  >
    <Col
      md={12}
      sm={24}
    >
      <div
        className="field-title"
      >
        Describe the waste water treatment facility (settling pond design, recycling, distance from creek, etc.)
        <NOWOriginalValueTooltip
          isVisible={true}
          originalValue="N/A"
        />
      </div>
      <Field
        component={[Function]}
        disabled={true}
        id="wastewater_facility_description"
        name="wastewater_facility_description"
      />
    </Col>
  </Row>
  <br />
  <h4>
    Activities
  </h4>
  <Connect(CoreEditableTable)
    fieldID="activity_detail_id"
    fieldName="details"
    isViewMode={true}
    tableContent={
      Array [
        Object {
          "component": [Function],
          "minRows": 1,
          "title": "Pond ID",
          "validate": Array [
            [Function],
          ],
          "value": "activity_type_description",
        },
        Object {
          "component": [Function],
          "title": "Width (m)",
          "validate": Array [
            [Function],
          ],
          "value": "width",
        },
        Object {
          "component": [Function],
          "title": "Length (m)",
          "validate": Array [
            [Function],
          ],
          "value": "length",
        },
        Object {
          "component": [Function],
          "title": "Depth (m)",
          "validate": Array [
            [Function],
          ],
          "value": "depth",
        },
        Object {
          "component": [Function],
          "title": "Disturbed Area (ha)",
          "validate": Array [
            [Function],
          ],
          "value": "disturbed_area",
        },
        Object {
          "component": [Function],
          "title": "Merchantable timber volume (m³)",
          "validate": Array [
            [Function],
          ],
          "value": "timber_volume",
        },
        Object {
          "component": [Function],
          "title": "Water Source",
          "value": "water_source_description",
        },
        Object {
          "component": [Function],
          "title": "Construction Method",
          "value": "construction_plan",
        },
      ]
    }
  />
  <br />
  <Row
    gutter={16}
  >
    <Col
      md={12}
      sm={24}
    >
      <div
        className="field-title"
      >
        Disposal of fines from clean out (i.e. use as a subsoil material)
        <NOWOriginalValueTooltip
          isVisible={true}
          originalValue="N/A"
        />
      </div>
      <Field
        component={[Function]}
        disabled={true}
        id="disposal_from_clean_out"
        name="disposal_from_clean_out"
      />
    </Col>
  </Row>
  <div
    className="field-title"
  >
    Water from Ponds will be:
  </div>
  <Row
    gutter={16}
  >
    <Col
      lg={8}
      md={24}
    >
      <Field
        component={[Function]}
        disabled={true}
        id="is_ponds_recycled"
        label={
          <span>
            Recycled
            <NOWOriginalValueTooltip
              isVisible={true}
              originalValue="N/A"
              style={
                Object {
                  "marginLeft": "20%",
                }
              }
            />
          </span>
        }
        name="is_ponds_recycled"
        validate={
          Array [
            [Function],
          ]
        }
      />
    </Col>
    <Col
      lg={8}
      md={24}
    >
      <Field
        component={[Function]}
        disabled={true}
        id="is_ponds_exfiltrated"
        label={
          <span>
            Exfiltrated to Ground
            <NOWOriginalValueTooltip
              isVisible={true}
              originalValue="N/A"
              style={
                Object {
                  "marginLeft": "20%",
                }
              }
            />
          </span>
        }
        name="is_ponds_exfiltrated"
        validate={
          Array [
            [Function],
          ]
        }
      />
    </Col>
    <Col
      lg={8}
      md={24}
    >
      <Field
        component={[Function]}
        disabled={true}
        id="is_ponds_discharged"
        label={
          <span>
            Discharged to Environment
            <NOWOriginalValueTooltip
              isVisible={true}
              originalValue="N/A"
              style={
                Object {
                  "marginLeft": "20%",
                }
              }
            />
          </span>
        }
        name="is_ponds_discharged"
        validate={
          Array [
            [Function],
          ]
        }
      />
    </Col>
  </Row>
  <br />
  <br />
  <h4>
    Reclamation Program
  </h4>
  <Row
    gutter={16}
  >
    <Col
      md={12}
      sm={24}
    >
      <div
        className="field-title"
      >
        Proposed reclamation and timing for this specific activity
        <NOWOriginalValueTooltip
          isVisible={true}
          originalValue="N/A"
        />
      </div>
      <Field
        component={[Function]}
        disabled={true}
        id="reclamation_description"
        name="reclamation_description"
        validate={
          Array [
            [Function],
          ]
        }
      />
    </Col>
    <Col
      md={12}
      sm={24}
    >
      <div
        className="field-title"
      >
        Estimated Cost of reclamation activities described above
        <NOWOriginalValueTooltip
          isVisible={true}
          originalValue="N/A"
        />
      </div>
      <Field
        autoComplete="off"
        component={[Function]}
        disabled={true}
        format={[Function]}
        id="reclamation_cost"
        name="reclamation_cost"
        normalize={[Function]}
        onChange={[Function]}
        onFocus={[Function]}
        validate={
          Array [
            [Function],
          ]
        }
      />
    </Col>
  </Row>
</div>
`;
