// Jest Snapshot v1, https://goo.gl/fbAQLP

exports[`BasicInformation renders properly 1`] = `
<Fragment>
  <Row
    justify="space-between"
    type="flex"
  >
    <Title
      level={3}
    >
      Basic Information
    </Title>
  </Row>
  <Field
    component={[Function]}
    data={
      Array [
        Object {
          "label": "Tailing Storage Facility",
          "value": "tailings_storage_facility",
        },
      ]
    }
    disabled={false}
    id="facility_type"
    label="Facility Type"
    name="facility_type"
    validate={
      Array [
        [Function],
        [Function],
      ]
    }
  />
  <Field
    component={[Function]}
    data={Array []}
    disabled={false}
    id="mines_act_permit_no"
    label="Mines Act Permit Number"
    name="mines_act_permit_no"
    validate={
      Array [
        [Function],
        [Function],
      ]
    }
  />
  <Field
    component={[Function]}
    data={
      Array [
        Object {
          "label": "Conventional (impounded by dams)",
          "value": "conventional",
        },
        Object {
          "label": "Filtered/Dry stack",
          "value": "dry_stacking",
        },
        Object {
          "label": "In-Pit",
          "value": "pit",
        },
        Object {
          "label": "In-Lake",
          "value": "lake",
        },
        Object {
          "label": "Other",
          "value": "other",
        },
      ]
    }
    disabled={false}
    id="tailings_storage_facility_type"
    label="Tailings Storage Facility Type"
    name="tailings_storage_facility_type"
    validate={
      Array [
        [Function],
        [Function],
      ]
    }
  />
  <Field
    component={[Function]}
    data={
      Array [
        Object {
          "label": "Above Ground",
          "value": "above_ground",
        },
        Object {
          "label": "Underground",
          "value": "below_ground",
        },
      ]
    }
    disabled={false}
    id="storage_location"
    label="Underground or Above Ground?"
    name="storage_location"
    validate={
      Array [
        [Function],
        [Function],
      ]
    }
  />
  <Field
    component={[Function]}
    disabled={false}
    id="mine_tailings_storage_facility_name"
    label="Facility Name"
    name="mine_tailings_storage_facility_name"
    validate={
      Array [
        [Function],
        [Function],
      ]
    }
  />
  <Row
    gutter={16}
  >
    <Col
      span={12}
    >
      <Field
        component={[Function]}
        disabled={false}
        id="latitude"
        label="Latitude"
        name="latitude"
        validate={
          Array [
            [Function],
            [Function],
          ]
        }
      />
    </Col>
    <Col
      span={12}
    >
      <Field
        component={[Function]}
        disabled={false}
        id="longitude"
        label="Longitude"
        name="longitude"
        validate={
          Array [
            [Function],
            [Function],
          ]
        }
      />
    </Col>
  </Row>
  <Field
    component={[Function]}
    data={
      Array [
        Object {
          "label": "Low",
          "value": "LOW",
        },
        Object {
          "label": "High",
          "value": "HIG",
        },
        Object {
          "label": "Significant",
          "value": "SIG",
        },
        Object {
          "label": "Very High",
          "value": "VHIG",
        },
        Object {
          "label": "Extreme",
          "value": "EXT",
        },
        Object {
          "label": "Not Rated",
          "value": "NRT",
        },
      ]
    }
    disabled={false}
    id="consequence_classification_status_code"
    label="Consequence Classification"
    name="consequence_classification_status_code"
    validate={
      Array [
        [Function],
        [Function],
      ]
    }
  />
  <Field
    component={[Function]}
    data={
      Array [
        Object {
          "label": "Construction",
          "value": "CON",
        },
        Object {
          "label": "Operation",
          "value": "OPT",
        },
        Object {
          "label": "Care and Maintenance",
          "value": "CAM",
        },
        Object {
          "label": "Closure - Transition",
          "value": "CLT",
        },
        Object {
          "label": "Closure - Active Care",
          "value": "CLA",
        },
        Object {
          "label": "Closure - Passive Care",
          "value": "CLP",
        },
      ]
    }
    disabled={false}
    id="tsf_operating_status_code"
    label="Operating Status"
    name="tsf_operating_status_code"
    validate={
      Array [
        [Function],
        [Function],
      ]
    }
  />
  <Field
    component={[Function]}
    data={
      Array [
        Object {
          "label": "Yes",
          "value": "YES",
        },
        Object {
          "label": "No",
          "value": "NO",
        },
      ]
    }
    disabled={false}
    id="itrb_exemption_status_code"
    label="Independent Tailings Review Board Member"
    name="itrb_exemption_status_code"
    validate={
      Array [
        [Function],
        [Function],
      ]
    }
  />
</Fragment>
`;
