// Jest Snapshot v1, https://goo.gl/fbAQLP

exports[`CustomHomePage renders properly 1`] = `
<div
  className="landing-page"
>
  <div
    className="landing-page__header"
  >
    <h1>
      My Dashboard
    </h1>
  </div>
  <div
    className="landing-page__content"
  >
    <SubscriptionTable
      handleUnSubscribe={[Function]}
      mineCommodityOptionsHash={
        Object {
          "CG": "Construction Aggregate",
          "MC": "Metallurgic",
          "TO": "Thermal Coal",
        }
      }
      mineRegionHash={
        Object {
          "NE": "North East",
          "NW": "North West",
          "SC": "South Central",
          "SE": "South East",
          "SW": "South West",
        }
      }
      mineTenureHash={
        Object {
          "BCL": "BC Land",
          "COL": "Coal",
          "MIN": "Mineral",
          "PLR": "Placer",
        }
      }
      subscribedMines={
        Array [
          Object {
            "guid": "18133c75-49ad-4101-85f3-a43e35ae989a",
            "mine_expected_documents": Array [
              Object {
                "date_created": "2018-11-19",
                "due_date": "",
                "exp_document_guid": "806608ed-d2b4-4f83-8b22-739d5223c56f",
                "exp_document_name": "OMS Manual",
                "exp_document_status": Object {
                  "description": "Not Received",
                  "exp_document_status_code": "MIA",
                },
                "mine_guid": "18133c75-49ad-4101-85f3-a43e35ae989a",
                "related_documents": Array [],
                "req_document_guid": "c95886bc-e4b2-4743-b38d-42eea858e9ee",
              },
            ],
            "mine_location": Object {
              "latitude": null,
              "longitude": null,
            },
            "mine_name": "mine3",
            "mine_no": "BLAH9091",
            "mine_permit": Array [],
            "mine_status": Object {
              "effective_date": "2018-10-16",
              "expiry_date": null,
              "status_labels": Array [
                "Closed",
                "Care & Maintenance",
              ],
              "statusvalue": Array [
                "CLD",
                "CM",
              ],
            },
            "mine_tailings_storage_facility": Array [
              Object {
                "mine_guid": "18133c75-49ad-4101-85f3-a43e35ae989a",
                "mine_tailings_storage_facility_guid": "e2629897-053e-4218-9299-479375e47f78",
                "mine_tailings_storage_facility_name": "MockTSF",
              },
            ],
            "mine_type": Array [
              Object {
                "mine_tenure_type_code": "PLR",
              },
              Object {
                "mine_tenure_type_code": "MIN",
              },
            ],
            "mineral_tenure_xref": Array [
              Object {
                "tenure_number_id": "1234567",
              },
            ],
            "region_code": "NE",
          },
        ]
      }
    />
  </div>
</div>
`;
