// Jest Snapshot v1, https://goo.gl/fbAQLP

exports[`SubscriptionTable renders properly 1`] = `
ShallowWrapper {
  Symbol(enzyme.__root__): [Circular],
  Symbol(enzyme.__unrendered__): <SubscriptionTable
    mineCommodityOptionsHash={
      Object {
        "CG": "Construction Aggregate",
        "MC": "Metallurgic",
        "TO": "Thermal Coal",
      }
    }
    mineRegionHash={
      Object {
        "NE": "North East",
        "NW": "North West",
        "SC": "South Central",
        "SE": "South East",
        "SW": "South West",
      }
    }
    mineTenureHash={
      Object {
        "BCL": "BC Land",
        "COL": "Coal",
        "MIN": "Mineral",
        "PLR": "Placer",
      }
    }
    subscribedMines={
      Array [
        Object {
          "guid": "18133c75-49ad-4101-85f3-a43e35ae989a",
          "mine_expected_documents": Array [
            Object {
              "date_created": "2018-11-19",
              "due_date": "",
              "exp_document_guid": "806608ed-d2b4-4f83-8b22-739d5223c56f",
              "exp_document_name": "OMS Manual",
              "exp_document_status": Object {
                "description": "Not Received",
                "exp_document_status_code": "MIA",
              },
              "mine_guid": "18133c75-49ad-4101-85f3-a43e35ae989a",
              "related_documents": Array [],
              "req_document_guid": "c95886bc-e4b2-4743-b38d-42eea858e9ee",
            },
          ],
          "mine_location": Object {
            "latitude": null,
            "longitude": null,
          },
          "mine_name": "mine3",
          "mine_no": "BLAH9091",
          "mine_permit": Array [],
          "mine_status": Object {
            "effective_date": "2018-10-16",
            "expiry_date": null,
            "status_labels": Array [
              "Closed",
              "Care & Maintenance",
            ],
            "statusvalue": Array [
              "CLD",
              "CM",
            ],
          },
          "mine_tailings_storage_facility": Array [
            Object {
              "mine_guid": "18133c75-49ad-4101-85f3-a43e35ae989a",
              "mine_tailings_storage_facility_guid": "e2629897-053e-4218-9299-479375e47f78",
              "mine_tailings_storage_facility_name": "MockTSF",
            },
          ],
          "mine_type": Array [
            Object {
              "mine_tenure_type_code": "PLR",
            },
            Object {
              "mine_tenure_type_code": "MIN",
            },
          ],
          "mineral_tenure_xref": Array [
            Object {
              "tenure_number_id": "1234567",
            },
          ],
          "region_code": "NE",
        },
      ]
    }
    unSubscribe={[MockFunction]}
  />,
  Symbol(enzyme.__renderer__): Object {
    "batchedUpdates": [Function],
    "getNode": [Function],
    "render": [Function],
    "simulateError": [Function],
    "simulateEvent": [Function],
    "unmount": [Function],
  },
  Symbol(enzyme.__node__): Object {
    "instance": null,
    "key": undefined,
    "nodeType": "host",
    "props": Object {
      "children": Array [
        <h4>
          Subscribed Mines
        </h4>,
        <br />,
        <Table
          align="left"
          bordered={false}
          className=""
          columns={
            Array [
              Object {
                "dataIndex": "mineName",
                "render": [Function],
                "title": "Mine Name",
                "width": 200,
              },
              Object {
                "dataIndex": "mineNo",
                "render": [Function],
                "title": "Mine No.",
                "width": 100,
              },
              Object {
                "dataIndex": "operationalStatus",
                "render": [Function],
                "title": "Operational Status",
                "width": 150,
              },
              Object {
                "dataIndex": "permit",
                "render": [Function],
                "title": "Permit No.",
                "width": 150,
              },
              Object {
                "dataIndex": "region",
                "render": [Function],
                "title": "Region",
                "width": 150,
              },
              Object {
                "dataIndex": "tenure",
                "render": [Function],
                "title": "Tenure",
                "width": 150,
              },
              Object {
                "dataIndex": "commodity",
                "render": [Function],
                "title": "Commodity",
                "width": 150,
              },
              Object {
                "dataIndex": "tsf",
                "render": [Function],
                "title": "TSF",
                "width": 150,
              },
              Object {
                "dataIndex": "",
                "render": [Function],
                "title": "",
                "width": 150,
              },
            ]
          }
          dataSource={
            Array [
              Object {
                "commodity": Array [
                  Object {
                    "mine_tenure_type_code": "PLR",
                  },
                  Object {
                    "mine_tenure_type_code": "MIN",
                  },
                ],
                "commodityHash": Object {
                  "CG": "Construction Aggregate",
                  "MC": "Metallurgic",
                  "TO": "Thermal Coal",
                },
                "emptyField": "N/A",
                "key": undefined,
                "mineName": "mine3",
                "mineNo": "BLAH9091",
                "operationalStatus": "N/A",
                "permit": null,
                "region": "North East",
                "tenure": Array [
                  Object {
                    "mine_tenure_type_code": "PLR",
                  },
                  Object {
                    "mine_tenure_type_code": "MIN",
                  },
                ],
                "tenureHash": Object {
                  "BCL": "BC Land",
                  "COL": "Coal",
                  "MIN": "Mineral",
                  "PLR": "Placer",
                },
                "tsf": 1,
              },
            ]
          }
          indentSize={20}
          loading={false}
          locale={
            Object {
              "emptyText": <NullScreen
                type="subscription"
              />,
            }
          }
          pagination={false}
          rowKey="key"
          showHeader={true}
          size="default"
          sortDirections={
            Array [
              "ascend",
              "descend",
            ]
          }
          useFixedHeader={false}
        />,
      ],
      "className": "tab__content",
    },
    "ref": null,
    "rendered": Array [
      Object {
        "instance": null,
        "key": undefined,
        "nodeType": "host",
        "props": Object {
          "children": "Subscribed Mines",
        },
        "ref": null,
        "rendered": "Subscribed Mines",
        "type": "h4",
      },
      Object {
        "instance": null,
        "key": undefined,
        "nodeType": "host",
        "props": Object {},
        "ref": null,
        "rendered": null,
        "type": "br",
      },
      Object {
        "instance": null,
        "key": undefined,
        "nodeType": "class",
        "props": Object {
          "align": "left",
          "bordered": false,
          "className": "",
          "columns": Array [
            Object {
              "dataIndex": "mineName",
              "render": [Function],
              "title": "Mine Name",
              "width": 200,
            },
            Object {
              "dataIndex": "mineNo",
              "render": [Function],
              "title": "Mine No.",
              "width": 100,
            },
            Object {
              "dataIndex": "operationalStatus",
              "render": [Function],
              "title": "Operational Status",
              "width": 150,
            },
            Object {
              "dataIndex": "permit",
              "render": [Function],
              "title": "Permit No.",
              "width": 150,
            },
            Object {
              "dataIndex": "region",
              "render": [Function],
              "title": "Region",
              "width": 150,
            },
            Object {
              "dataIndex": "tenure",
              "render": [Function],
              "title": "Tenure",
              "width": 150,
            },
            Object {
              "dataIndex": "commodity",
              "render": [Function],
              "title": "Commodity",
              "width": 150,
            },
            Object {
              "dataIndex": "tsf",
              "render": [Function],
              "title": "TSF",
              "width": 150,
            },
            Object {
              "dataIndex": "",
              "render": [Function],
              "title": "",
              "width": 150,
            },
          ],
          "dataSource": Array [
            Object {
              "commodity": Array [
                Object {
                  "mine_tenure_type_code": "PLR",
                },
                Object {
                  "mine_tenure_type_code": "MIN",
                },
              ],
              "commodityHash": Object {
                "CG": "Construction Aggregate",
                "MC": "Metallurgic",
                "TO": "Thermal Coal",
              },
              "emptyField": "N/A",
              "key": undefined,
              "mineName": "mine3",
              "mineNo": "BLAH9091",
              "operationalStatus": "N/A",
              "permit": null,
              "region": "North East",
              "tenure": Array [
                Object {
                  "mine_tenure_type_code": "PLR",
                },
                Object {
                  "mine_tenure_type_code": "MIN",
                },
              ],
              "tenureHash": Object {
                "BCL": "BC Land",
                "COL": "Coal",
                "MIN": "Mineral",
                "PLR": "Placer",
              },
              "tsf": 1,
            },
          ],
          "indentSize": 20,
          "loading": false,
          "locale": Object {
            "emptyText": <NullScreen
              type="subscription"
            />,
          },
          "pagination": false,
          "rowKey": "key",
          "showHeader": true,
          "size": "default",
          "sortDirections": Array [
            "ascend",
            "descend",
          ],
          "useFixedHeader": false,
        },
        "ref": null,
        "rendered": null,
        "type": [Function],
      },
    ],
    "type": "div",
  },
  Symbol(enzyme.__nodes__): Array [
    Object {
      "instance": null,
      "key": undefined,
      "nodeType": "host",
      "props": Object {
        "children": Array [
          <h4>
            Subscribed Mines
          </h4>,
          <br />,
          <Table
            align="left"
            bordered={false}
            className=""
            columns={
              Array [
                Object {
                  "dataIndex": "mineName",
                  "render": [Function],
                  "title": "Mine Name",
                  "width": 200,
                },
                Object {
                  "dataIndex": "mineNo",
                  "render": [Function],
                  "title": "Mine No.",
                  "width": 100,
                },
                Object {
                  "dataIndex": "operationalStatus",
                  "render": [Function],
                  "title": "Operational Status",
                  "width": 150,
                },
                Object {
                  "dataIndex": "permit",
                  "render": [Function],
                  "title": "Permit No.",
                  "width": 150,
                },
                Object {
                  "dataIndex": "region",
                  "render": [Function],
                  "title": "Region",
                  "width": 150,
                },
                Object {
                  "dataIndex": "tenure",
                  "render": [Function],
                  "title": "Tenure",
                  "width": 150,
                },
                Object {
                  "dataIndex": "commodity",
                  "render": [Function],
                  "title": "Commodity",
                  "width": 150,
                },
                Object {
                  "dataIndex": "tsf",
                  "render": [Function],
                  "title": "TSF",
                  "width": 150,
                },
                Object {
                  "dataIndex": "",
                  "render": [Function],
                  "title": "",
                  "width": 150,
                },
              ]
            }
            dataSource={
              Array [
                Object {
                  "commodity": Array [
                    Object {
                      "mine_tenure_type_code": "PLR",
                    },
                    Object {
                      "mine_tenure_type_code": "MIN",
                    },
                  ],
                  "commodityHash": Object {
                    "CG": "Construction Aggregate",
                    "MC": "Metallurgic",
                    "TO": "Thermal Coal",
                  },
                  "emptyField": "N/A",
                  "key": undefined,
                  "mineName": "mine3",
                  "mineNo": "BLAH9091",
                  "operationalStatus": "N/A",
                  "permit": null,
                  "region": "North East",
                  "tenure": Array [
                    Object {
                      "mine_tenure_type_code": "PLR",
                    },
                    Object {
                      "mine_tenure_type_code": "MIN",
                    },
                  ],
                  "tenureHash": Object {
                    "BCL": "BC Land",
                    "COL": "Coal",
                    "MIN": "Mineral",
                    "PLR": "Placer",
                  },
                  "tsf": 1,
                },
              ]
            }
            indentSize={20}
            loading={false}
            locale={
              Object {
                "emptyText": <NullScreen
                  type="subscription"
                />,
              }
            }
            pagination={false}
            rowKey="key"
            showHeader={true}
            size="default"
            sortDirections={
              Array [
                "ascend",
                "descend",
              ]
            }
            useFixedHeader={false}
          />,
        ],
        "className": "tab__content",
      },
      "ref": null,
      "rendered": Array [
        Object {
          "instance": null,
          "key": undefined,
          "nodeType": "host",
          "props": Object {
            "children": "Subscribed Mines",
          },
          "ref": null,
          "rendered": "Subscribed Mines",
          "type": "h4",
        },
        Object {
          "instance": null,
          "key": undefined,
          "nodeType": "host",
          "props": Object {},
          "ref": null,
          "rendered": null,
          "type": "br",
        },
        Object {
          "instance": null,
          "key": undefined,
          "nodeType": "class",
          "props": Object {
            "align": "left",
            "bordered": false,
            "className": "",
            "columns": Array [
              Object {
                "dataIndex": "mineName",
                "render": [Function],
                "title": "Mine Name",
                "width": 200,
              },
              Object {
                "dataIndex": "mineNo",
                "render": [Function],
                "title": "Mine No.",
                "width": 100,
              },
              Object {
                "dataIndex": "operationalStatus",
                "render": [Function],
                "title": "Operational Status",
                "width": 150,
              },
              Object {
                "dataIndex": "permit",
                "render": [Function],
                "title": "Permit No.",
                "width": 150,
              },
              Object {
                "dataIndex": "region",
                "render": [Function],
                "title": "Region",
                "width": 150,
              },
              Object {
                "dataIndex": "tenure",
                "render": [Function],
                "title": "Tenure",
                "width": 150,
              },
              Object {
                "dataIndex": "commodity",
                "render": [Function],
                "title": "Commodity",
                "width": 150,
              },
              Object {
                "dataIndex": "tsf",
                "render": [Function],
                "title": "TSF",
                "width": 150,
              },
              Object {
                "dataIndex": "",
                "render": [Function],
                "title": "",
                "width": 150,
              },
            ],
            "dataSource": Array [
              Object {
                "commodity": Array [
                  Object {
                    "mine_tenure_type_code": "PLR",
                  },
                  Object {
                    "mine_tenure_type_code": "MIN",
                  },
                ],
                "commodityHash": Object {
                  "CG": "Construction Aggregate",
                  "MC": "Metallurgic",
                  "TO": "Thermal Coal",
                },
                "emptyField": "N/A",
                "key": undefined,
                "mineName": "mine3",
                "mineNo": "BLAH9091",
                "operationalStatus": "N/A",
                "permit": null,
                "region": "North East",
                "tenure": Array [
                  Object {
                    "mine_tenure_type_code": "PLR",
                  },
                  Object {
                    "mine_tenure_type_code": "MIN",
                  },
                ],
                "tenureHash": Object {
                  "BCL": "BC Land",
                  "COL": "Coal",
                  "MIN": "Mineral",
                  "PLR": "Placer",
                },
                "tsf": 1,
              },
            ],
            "indentSize": 20,
            "loading": false,
            "locale": Object {
              "emptyText": <NullScreen
                type="subscription"
              />,
            },
            "pagination": false,
            "rowKey": "key",
            "showHeader": true,
            "size": "default",
            "sortDirections": Array [
              "ascend",
              "descend",
            ],
            "useFixedHeader": false,
          },
          "ref": null,
          "rendered": null,
          "type": [Function],
        },
      ],
      "type": "div",
    },
  ],
  Symbol(enzyme.__options__): Object {
    "adapter": ReactSixteenAdapter {
      "options": Object {
        "enableComponentDidUpdateOnSetState": true,
        "lifecycles": Object {
          "componentDidUpdate": Object {
            "onSetState": true,
          },
          "getDerivedStateFromProps": true,
          "getSnapshotBeforeUpdate": true,
          "setState": Object {
            "skipsComponentDidUpdateOnNullish": true,
          },
        },
      },
    },
    "attachTo": undefined,
    "hydrateIn": undefined,
  },
}
`;
