// Jest Snapshot v1, https://goo.gl/fbAQLP

exports[`EnvBasicInformationTab renders properly 1`] = `
<div>
  <form
    class="ant-form ant-form-vertical common-form common-form-formName form-edit"
    id="formName"
  >
    <h3
      class="ant-typography"
    >
      Basic Information
    </h3>
    <div
      class="ant-form-item ant-form-item-with-help"
    >
      <div
        class="ant-row ant-form-item-row"
      >
        <div
          class="ant-col ant-form-item-label"
        >
          <label
            class="ant-form-item-required"
            for="formName_submitter_name"
            title=""
          >
            <div
              style="width: 100%;"
            >
              Submitter Name
            </div>
          </label>
        </div>
        <div
          class="ant-col ant-form-item-control"
        >
          <div
            class="ant-form-item-control-input"
          >
            <div
              class="ant-form-item-control-input-content"
            >
              <input
                aria-label="submitter_name"
                class="ant-input"
                data-testid="submitter_name"
                id="submitter_name"
                name="submitter_name"
                type="text"
                value="Jane Doe"
              />
            </div>
          </div>
          <div
            style="display: flex; flex-wrap: nowrap;"
          >
            <div
              class="ant-form-item-explain ant-form-item-explain-connected"
              id="formName_submitter_name_help"
              role="alert"
            >
              <div
                class=""
              />
            </div>
          </div>
        </div>
      </div>
    </div>
    <div
      class="ant-form-item ant-form-item-with-help"
    >
      <div
        class="ant-row ant-form-item-row"
      >
        <div
          class="ant-col ant-form-item-label"
        >
          <label
            class="ant-form-item-required"
            for="formName_is_agent"
            title=""
          >
            <div
              style="width: 100%;"
            >
              The person submitting this application is:
            </div>
          </label>
        </div>
        <div
          class="ant-col ant-form-item-control"
        >
          <div
            class="ant-form-item-control-input"
          >
            <div
              class="ant-form-item-control-input-content"
            >
              <div
                class="ant-radio-group ant-radio-group-solid vertical-radio-group"
              >
                <label
                  class="ant-radio-wrapper ant-radio-wrapper-checked ant-radio-wrapper-in-form-item"
                >
                  <span
                    class="ant-radio ant-radio-checked"
                  >
                    <input
                      checked=""
                      class="ant-radio-input"
                      name="is_agent"
                      type="radio"
                      value="false"
                    />
                    <span
                      class="ant-radio-inner"
                    />
                  </span>
                  <span>
                    the Applicant, as named in the project description
                  </span>
                </label>
                <label
                  class="ant-radio-wrapper ant-radio-wrapper-in-form-item"
                >
                  <span
                    class="ant-radio"
                  >
                    <input
                      class="ant-radio-input"
                      name="is_agent"
                      type="radio"
                      value="true"
                    />
                    <span
                      class="ant-radio-inner"
                    />
                  </span>
                  <span>
                    the Agent, as named in the project description
                  </span>
                </label>
              </div>
            </div>
          </div>
          <div
            style="display: flex; flex-wrap: nowrap;"
          >
            <div
              class="ant-form-item-explain ant-form-item-explain-connected"
              id="formName_is_agent_help"
              role="alert"
            >
              <div
                class=""
              />
            </div>
          </div>
        </div>
      </div>
    </div>
  </form>
</div>
`;
