// Jest Snapshot v1, https://goo.gl/fbAQLP

exports[`NoticeOfWorkApplication renders properly 1`] = `
<div
  className="page"
>
  <div
    className="steps--header"
  >
    <div
      className="inline-flex between"
    >
      <div>
        <h1>
          NoW Number: 
          N/A
        </h1>
      </div>
      <Dropdown
        mouseEnterDelay={0.15}
        mouseLeaveDelay={0.1}
        onVisibleChange={[Function]}
        overlay={<Menu />}
        placement="bottomLeft"
        visible={false}
      >
        <Button
          block={false}
          ghost={false}
          htmlType="button"
          loading={false}
          type="secondary"
        >
          Actions
          <Icon
            type="down"
          />
        </Button>
      </Dropdown>
    </div>
    <br />
    <Steps
      current={0}
      onChange={[Function]}
      type="navigation"
    >
      <Step
        status="wait"
        title="Verification"
      />
      <Step
        disabled={true}
        status="wait"
        title="Technical Review"
      />
      <Step
        disabled={true}
        status="wait"
        title="Referral / Consultation"
      />
      <Step
        disabled={true}
        status="wait"
        title="Decision"
      />
    </Steps>
  </div>
  <LoadingWrapper
    condition={false}
  >
    <div>
      <div
        className="side-menu"
      />
      <div
        className="steps--content"
      />
    </div>
  </LoadingWrapper>
</div>
`;
