// Jest Snapshot v1, https://goo.gl/fbAQLP

exports[`AddQuickPartyForm renders properly 1`] = `
<div>
  <Form
    colon={true}
    hideRequiredMark={false}
    layout="vertical"
    onSubmit={[MockFunction]}
  >
    <Row
      gutter={16}
    >
      <Col
        md={12}
        xs={24}
      >
        <FormItem
          hasFeedback={false}
        >
          <Field
            component={[Function]}
            id="first_name"
            label="First Name*"
            name="first_name"
            validate={
              Array [
                [Function],
              ]
            }
          />
        </FormItem>
      </Col>
      <Col
        md={12}
        xs={24}
      >
        <FormItem
          hasFeedback={false}
        >
          <Field
            component={[Function]}
            id="party_name"
            label="Surname*"
            name="party_name"
            validate={
              Array [
                [Function],
              ]
            }
          />
        </FormItem>
      </Col>
    </Row>
    <Row
      gutter={16}
    >
      <Col
        span={24}
      >
        <FormItem
          hasFeedback={false}
        >
          <Field
            component={[Function]}
            id="email"
            label="Primary Email"
            name="email"
            validate={
              Array [
                [Function],
              ]
            }
          />
        </FormItem>
      </Col>
    </Row>
    <Row
      gutter={16}
    >
      <Col
        span={24}
      >
        <FormItem
          hasFeedback={false}
        >
          <Field
            component={[Function]}
            id="email_sec"
            label="Secondary Email"
            name="email_sec"
            validate={
              Array [
                [Function],
              ]
            }
          />
        </FormItem>
      </Col>
    </Row>
    <Row
      gutter={16}
    >
      <Col
        span={18}
      >
        <FormItem
          hasFeedback={false}
        >
          <Field
            component={[Function]}
            id="phone_no"
            label="Primary Phone Number*"
            name="phone_no"
            normalize={[Function]}
            placeholder="e.g. xxx-xxx-xxxx"
            validate={
              Array [
                [Function],
                [Function],
                [Function],
              ]
            }
          />
        </FormItem>
      </Col>
      <Col
        span={6}
      >
        <FormItem
          hasFeedback={false}
        >
          <Field
            component={[Function]}
            id="phone_ext"
            label="Ext"
            name="phone_ext"
            validate={
              Array [
                [Function],
                [Function],
              ]
            }
          />
        </FormItem>
      </Col>
    </Row>
    <Row
      gutter={16}
    >
      <Col
        span={18}
      >
        <FormItem
          hasFeedback={false}
        >
          <Field
            component={[Function]}
            id="phone_no_sec"
            label="Secondary Phone Number"
            name="phone_no_sec"
            normalize={[Function]}
            placeholder="e.g. xxx-xxx-xxxx"
            validate={
              Array [
                [Function],
                [Function],
              ]
            }
          />
        </FormItem>
      </Col>
      <Col
        span={6}
      >
        <FormItem
          hasFeedback={false}
        >
          <Field
            component={[Function]}
            id="phone_sec_ext"
            label="Ext"
            name="phone_sec_ext"
            validate={
              Array [
                [Function],
                [Function],
              ]
            }
          />
        </FormItem>
      </Col>
    </Row>
    <Row
      gutter={16}
    >
      <Col
        span={18}
      >
        <FormItem
          hasFeedback={false}
        >
          <Field
            component={[Function]}
            id="phone_no_ter"
            label="Tertiary Phone Number"
            name="phone_no_ter"
            normalize={[Function]}
            placeholder="e.g. xxx-xxx-xxxx"
            validate={
              Array [
                [Function],
                [Function],
              ]
            }
          />
        </FormItem>
      </Col>
      <Col
        span={6}
      >
        <FormItem
          hasFeedback={false}
        >
          <Field
            component={[Function]}
            id="phone_ter_ext"
            label="Ext"
            name="phone_ter_ext"
            validate={
              Array [
                [Function],
                [Function],
              ]
            }
          />
        </FormItem>
      </Col>
    </Row>
    <Row
      gutter={16}
    >
      <Col
        span={6}
      >
        <FormItem
          hasFeedback={false}
        >
          <Field
            component={[Function]}
            id="suite_no"
            label="Suite No."
            name="suite_no"
            validate={
              Array [
                [Function],
              ]
            }
          />
        </FormItem>
      </Col>
      <Col
        span={18}
      >
        <FormItem
          hasFeedback={false}
        >
          <Field
            component={[Function]}
            id="address_line_1"
            label="Street Address 1"
            name="address_line_1"
          />
        </FormItem>
      </Col>
    </Row>
    <Row
      gutter={16}
    >
      <Col
        span={18}
      >
        <FormItem
          hasFeedback={false}
        >
          <Field
            component={[Function]}
            id="address_line_2"
            label="Street Address 2"
            name="address_line_2"
          />
        </FormItem>
      </Col>
      <Col
        span={6}
      >
        <FormItem
          hasFeedback={false}
        >
          <Field
            component={[Function]}
            id="sub_division_code"
            label="Province"
            name="sub_division_code"
            validate={
              Array [
                [Function],
              ]
            }
          />
        </FormItem>
      </Col>
    </Row>
    <Row
      gutter={16}
    >
      <Col
        md={12}
        xs={24}
      >
        <FormItem
          hasFeedback={false}
        >
          <Field
            component={[Function]}
            id="city"
            label="City"
            name="city"
            validate={
              Array [
                [Function],
              ]
            }
          />
        </FormItem>
      </Col>
      <Col
        md={12}
        xs={24}
      >
        <FormItem
          hasFeedback={false}
        >
          <Field
            component={[Function]}
            id="post_code"
            label="Postal Code"
            name="post_code"
            normalize={[Function]}
            placeholder="e.g xxxxxx"
            validate={
              Array [
                [Function],
                [Function],
              ]
            }
          />
        </FormItem>
      </Col>
    </Row>
    <div
      className="right center-mobile"
    >
      <Button
        className="full-mobile"
        htmlType="submit"
        loading={false}
        type="primary"
      >
        Create Person
      </Button>
    </div>
  </Form>
</div>
`;
