// Jest Snapshot v1, https://goo.gl/fbAQLP

exports[`TailingsTable renders properly 1`] = `
<Router
  history={
    Object {
      "action": "POP",
      "block": [Function],
      "createHref": [Function],
      "go": [Function],
      "goBack": [Function],
      "goForward": [Function],
      "length": 1,
      "listen": [Function],
      "location": Object {
        "hash": "",
        "pathname": "/",
        "search": "",
        "state": undefined,
      },
      "push": [Function],
      "replace": [Function],
    }
  }
>
  <TailingsTable
    TSFOperatingStatusCodeHash={Object {}}
    consequenceClassificationStatusCodeHash={Object {}}
    editTailings={[MockFunction]}
    handleEditTailings={[MockFunction]}
    itrmExemptionStatusCodeHash={Object {}}
    match={
      Object {
        "params": Object {
          "id": "18133c75-49ad-4101-85f3-a43e35ae989a",
        },
      }
    }
    openEditTailingsModal={[MockFunction]}
    storeDam={[MockFunction]}
    tailings={
      Array [
        Object {
          "dams": Array [
            Object {
              "consequence_classification": "low",
              "current_dam_height": "123",
              "current_elevation": "123",
              "dam_guid": "e2629897-053e-4218-9299-479375e47f78",
              "dam_name": "MockDam",
              "dam_type": "dam",
              "latitude": "123",
              "longitude": "123",
              "max_pond_elevation": "123",
              "min_freeboard_required": "123",
              "operating_status": "operation",
              "permitted_dam_crest_elevation": "123",
            },
          ],
          "mine_guid": "18133c75-49ad-4101-85f3-a43e35ae989a",
          "mine_tailings_storage_facility_guid": "e2629897-053e-4218-9299-479375e47f78",
          "mine_tailings_storage_facility_name": "MockTSF",
        },
      ]
    }
  />
</Router>
`;
