// Jest Snapshot v1, https://goo.gl/fbAQLP

exports[`MineNoticeOfWorkTable renders properly 1`] = `
<TableLoadingWrapper
  isPaginated={false}
  tableHeaders={
    Array [
      "NoW No.",
      "NoW Type",
      "Application Status",
      "Import Date",
      "",
    ]
  }
>
  <withStore(Table)
    align="left"
    columns={
      Array [
        Object {
          "dataIndex": "nowNum",
          "filterDropdown": [Function],
          "filterIcon": [Function],
          "render": [Function],
          "sortField": "tracking_number",
          "sortOrder": false,
          "sorter": true,
          "title": "NoW No.",
        },
        Object {
          "dataIndex": "nowType",
          "filterDropdown": [Function],
          "filterIcon": [Function],
          "render": [Function],
          "sortField": "notice_of_work_type_description",
          "sortOrder": false,
          "sorter": true,
          "title": "NoW Type",
        },
        Object {
          "dataIndex": "status",
          "filterDropdown": [Function],
          "filterIcon": [Function],
          "render": [Function],
          "sortField": "status",
          "sortOrder": false,
          "sorter": true,
          "title": "Application Status",
        },
        Object {
          "dataIndex": "date",
          "render": [Function],
          "sortField": "received_date",
          "sortOrder": false,
          "sorter": true,
          "title": "Import Date",
        },
        Object {
          "dataIndex": "verify",
          "render": [Function],
          "sortOrder": false,
          "title": "",
          "width": 150,
        },
      ]
    }
    dataSource={
      Array [
        Object {
          "date": "N/A",
          "key": undefined,
          "mineGuid": "6e9d3426-ebf1-413f-9e5f-c3a71ab56797",
          "mineName": "Hamilton, Herrera and Mccormick",
          "nowNum": "N/A",
          "nowType": "N/A",
          "status": "N/A",
        },
        Object {
          "date": "N/A",
          "key": undefined,
          "mineGuid": "60300a07-376c-46f1-a984-88a813f91438",
          "mineName": "Thompson-Sullivan",
          "nowNum": "N/A",
          "nowType": "N/A",
          "status": "N/A",
        },
      ]
    }
    locale={
      Object {
        "emptyText": <NullScreen
          type="notice-of-work"
        />,
      }
    }
    onChange={[Function]}
    pagination={false}
  />
</TableLoadingWrapper>
`;
