// Jest Snapshot v1, https://goo.gl/fbAQLP

exports[`MineContactInfo renders properly 1`] = `
<div>
  <div
    class="tab__content"
  >
    <div>
      <h2>
        Contacts
      </h2>
      <div
        class="ant-divider ant-divider-horizontal"
        role="separator"
      />
    </div>
    <div>
      <div
        class="inline-flex between"
      >
        <div />
        <div
          class="inline-flex between"
        >
          <button
            style="width: 1px; height: 1px;"
            type="button"
          />
        </div>
      </div>
      <div>
        <div>
          <div
            class="ant-divider ant-divider-horizontal"
            role="separator"
          />
          <br />
          <br />
          <div
            class="null-screen fade-in"
          >
            <div>
              <img
                alt="mine_img"
                src="[object Object]"
              />
              <h3>
                No contacts found
              </h3>
              <p>
                Create a contact using the menu above
              </p>
            </div>
          </div>
          <br />
          <br />
        </div>
      </div>
    </div>
  </div>
</div>
`;
