// Jest Snapshot v1, https://goo.gl/fbAQLP

exports[`ContactResultsTable renders properly 1`] = `
<div
  className="padding-lg--bottom"
>
  <h2>
    Contacts
  </h2>
  <Divider
    style={
      Object {
        "padding": "0",
      }
    }
  />
  <CoreTable
    columns={
      Array [
        Object {
          "dataIndex": "name",
          "key": "name",
          "render": [Function],
          "sorter": [Function],
          "title": "Name",
        },
        Object {
          "key": "roles",
          "render": [Function],
          "title": "Roles",
        },
        Object {
          "dataIndex": "phone_no",
          "key": "phone_no",
          "render": [Function],
          "title": "Phone",
        },
        Object {
          "dataIndex": "email",
          "key": "email",
          "render": [Function],
          "sorter": [Function],
          "title": "Email",
        },
      ]
    }
    dataSource={
      Array [
        Object {
          "email": "Cody.Abbott@example.com",
          "mine_party_appt": Array [
            Object {
              "mine": Object {
                "mine_name": "Lopez-Hale",
              },
              "mine_party_appt_type_code": "EOR",
            },
          ],
          "name": "Cody Abbott",
          "party_guid": "c0816fad-ef1d-4fa8-be74-2a57d1b3d05b",
          "phone_no": "401-392-0090",
        },
        Object {
          "email": "Eric.Abbott@example.com",
          "mine_party_appt": Array [
            Object {
              "mine": Object {
                "mine_name": "French Inc",
              },
              "mine_party_appt_type_code": "EOR",
            },
          ],
          "name": "Eric Abbott",
          "party_guid": "bb93b7de-8ef3-44c2-8c3c-d1ce21e98aa6",
          "phone_no": "659-797-6365",
        },
        Object {
          "email": "Chad.Abbott@example.com",
          "mine_party_appt": Array [
            Object {
              "mine": Object {
                "mine_name": "Nguyen, Case and Fernandez",
              },
              "mine_party_appt_type_code": "EOR",
            },
          ],
          "name": "Chad Abbott",
          "party_guid": "e59f15a0-4bf1-4963-9546-1009e7e96f23",
          "phone_no": "242-001-2306",
        },
        Object {
          "email": "Kyle.Abbott@example.com",
          "mine_party_appt": Array [
            Object {
              "mine": Object {
                "mine_name": "Anderson-Martin",
              },
              "mine_party_appt_type_code": "MMG",
            },
          ],
          "name": "Kyle Abbott",
          "party_guid": "e412fdd0-e640-4bfa-805e-86b331f29b6d",
          "phone_no": "988-817-2676",
        },
        Object {
          "email": "Lee.Abbott@example.com",
          "mine_party_appt": Array [
            Object {
              "mine": Object {
                "mine_name": "Garza, Kelly and Williams",
              },
              "mine_party_appt_type_code": "MMG",
            },
          ],
          "name": "Lee Abbott",
          "party_guid": "70bf5e33-26a2-4bfa-9841-7fe46b089712",
          "phone_no": "593-906-1501",
        },
        Object {
          "email": "Dawn.Abbott@example.com",
          "mine_party_appt": Array [
            Object {
              "mine": Object {
                "mine_name": "Schmidt Ltd",
              },
              "mine_party_appt_type_code": "MMG",
            },
          ],
          "name": "Dawn Abbott",
          "party_guid": "b4058b95-a367-428c-bc85-50c2e008e96f",
          "phone_no": "743-912-5775",
        },
      ]
    }
  />
</div>
`;
