// Jest Snapshot v1, https://goo.gl/fbAQLP

exports[`SearchBar renders properly 1`] = `
<div
  id=""
>
  <Dropdown
    getPopupContainer=""
    overlay={
      <ForwardRef
        className="search-bar"
      >
        <SearchBarDropdown
          history={
            Object {
              "location": Object {},
              "push": [MockFunction],
            }
          }
          searchBarResults={
            Object {
              "search_results": Array [
                Object {
                  "result": Object {
                    "id": "aa3cb08a-ee1b-4dc9-8bf6-f54eb7484d4d",
                    "value": "Abbott Inc",
                  },
                  "score": 375,
                  "type": "mine",
                },
                Object {
                  "result": Object {
                    "id": "5a993f02-1006-4a07-a448-f4064294de11",
                    "value": "Abbott PLC",
                  },
                  "score": 375,
                  "type": "mine",
                },
              ],
              "search_terms": Array [
                "Abb",
              ],
            }
          }
          searchTerm=""
          searchTermHistory={Array []}
        />
      </ForwardRef>
    }
    trigger={
      Array [
        "focus",
      ]
    }
    visible={false}
  >
    <Search
      onBlur={[Function]}
      onChange={[Function]}
      onFocus={[Function]}
      onSearch={[Function]}
      placeholder="Search"
      value=""
    />
  </Dropdown>
</div>
`;
