// Jest Snapshot v1, https://goo.gl/fbAQLP

exports[`AddExplosivesPermitModal renders properly 1`] = `
<div>
  <Connect(ExplosivesPermitFormNew)
    closeModal={[MockFunction]}
    documentTypeDropdownOptions={Array []}
    initialValues={Object {}}
    inspectors={Array []}
    isApproved={false}
    isPermitTab={false}
    mineGuid="523642546"
    onSubmit={[MockFunction]}
    title="Permit"
  />
</div>
`;
