// Jest Snapshot v1, https://goo.gl/fbAQLP

exports[`ProjectDocumentsTab renders properly 1`] = `
<Fragment>
  <Row>
    <Col
      span={24}
    >
      <ForwardRef
        level={3}
      >
        All Project Documents
      </ForwardRef>
    </Col>
  </Row>
  <br />
  <div
    className="side-menu"
  >
    <withRouter(ScrollSideMenu)
      featureUrlRoute={[Function]}
      featureUrlRouteArguments={
        Array [
          "1234-4567-xwqy",
        ]
      }
      menuOptions={
        Array [
          Object {
            "href": "project-description",
            "title": "Project Description",
          },
          Object {
            "href": "irt",
            "title": "IRT",
          },
          Object {
            "href": "major-mine-application",
            "title": "Major Mine Application",
          },
          Object {
            "href": "archived-documents",
            "title": "Archived Documents",
          },
        ]
      }
    />
  </div>
  <div
    className="side-menu--content"
  >
    <div
      id="project-description"
    >
      <ForwardRef
        level={4}
      >
        Project Description
      </ForwardRef>
      <Connect(DocumentTable)
        additionalColumnProps={
          Array [
            Object {
              "colProps": Object {
                "width": "80%",
              },
              "key": "name",
            },
          ]
        }
        canArchiveDocuments={true}
        documentParent="project summary"
        documents={Array []}
        isLoaded={false}
        onArchivedDocuments={[Function]}
        projectGuid="1234-4567-xwqy"
        removeDocument={[Function]}
        showVersionHistory={true}
      />
    </div>
    <br />
    <div
      id="irt"
    >
      <ForwardRef
        level={4}
      >
        IRT
      </ForwardRef>
      <Connect(DocumentTable)
        additionalColumnProps={
          Array [
            Object {
              "colProps": Object {
                "width": "80%",
              },
              "key": "name",
            },
          ]
        }
        canArchiveDocuments={true}
        documentParent="irt"
        documents={Array []}
        isLoaded={false}
        onArchivedDocuments={[Function]}
        projectGuid="1234-4567-xwqy"
        removeDocument={[Function]}
        showVersionHistory={true}
      />
    </div>
    <br />
    <ForwardRef
      id="major-mine-application"
      level={4}
    >
      Application Files
    </ForwardRef>
    <div
      id="primary-documents"
    >
      <ForwardRef(Text)
        strong={true}
        style={
          Object {
            "fontSize": "20px",
            "textTransform": "uppercase",
          }
        }
      >
        Primary Documents
      </ForwardRef(Text)>
      <Connect(DocumentTable)
        additionalColumnProps={
          Array [
            Object {
              "colProps": Object {
                "width": "80%",
              },
              "key": "name",
            },
          ]
        }
        canArchiveDocuments={true}
        documentParent="major mine application"
        documents={Array []}
        isLoaded={false}
        onArchivedDocuments={[Function]}
        projectGuid="1234-4567-xwqy"
        removeDocument={[Function]}
        showVersionHistory={true}
      />
    </div>
    <br />
    <div
      id="spatial-components"
    >
      <ForwardRef(Text)
        strong={true}
        style={
          Object {
            "fontSize": "20px",
            "textTransform": "uppercase",
          }
        }
      >
        Spatial Components
      </ForwardRef(Text)>
      <Connect(DocumentTable)
        additionalColumnProps={
          Array [
            Object {
              "colProps": Object {
                "width": "80%",
              },
              "key": "name",
            },
          ]
        }
        canArchiveDocuments={true}
        documentParent="major mine application"
        documents={Array []}
        isLoaded={false}
        onArchivedDocuments={[Function]}
        projectGuid="1234-4567-xwqy"
        removeDocument={[Function]}
        showVersionHistory={true}
      />
    </div>
    <br />
    <div
      id="supporting-documents"
    >
      <ForwardRef(Text)
        strong={true}
        style={
          Object {
            "fontSize": "20px",
            "textTransform": "uppercase",
          }
        }
      >
        Supporting Documents
      </ForwardRef(Text)>
      <Connect(DocumentTable)
        additionalColumnProps={
          Array [
            Object {
              "colProps": Object {
                "width": "80%",
              },
              "key": "name",
            },
          ]
        }
        canArchiveDocuments={true}
        documentParent="major mine application"
        documents={Array []}
        isLoaded={false}
        onArchivedDocuments={[Function]}
        projectGuid="1234-4567-xwqy"
        removeDocument={[Function]}
        showVersionHistory={true}
      />
    </div>
    <br />
    <ArchivedDocumentsSection />
  </div>
</Fragment>
`;
