// Jest Snapshot v1, https://goo.gl/fbAQLP

exports[`ChangeNOWMineForm renders properly 1`] = `
<Connect(ReduxForm)
  isModal={true}
  name="CHANGE_NOW_MINE"
  onSubmit={[MockFunction]}
  reduxFormConfig={
    Object {
      "touchOnBlur": false,
    }
  }
>
  <Row
    gutter={16}
  >
    <Col
      span={24}
    >
      <Field
        component={
          Object {
            "$$typeof": Symbol(react.memo),
            "WrappedComponent": [Function],
            "compare": null,
            "displayName": "Connect(RenderMineSelect)",
            "type": [Function],
          }
        }
        id="mine_guid"
        name="mine_guid"
        required={true}
        validate={
          Array [
            [Function],
          ]
        }
      />
    </Col>
  </Row>
  <div
    className="right center-mobile"
  >
    <RenderCancelButton />
    <RenderSubmitButton
      buttonText="mockTitle"
      disableOnClean={false}
    />
  </div>
</Connect(ReduxForm)>
`;
