// Jest Snapshot v1, https://goo.gl/fbAQLP

exports[`UpdateNOWDateForm renders properly 1`] = `
<div>
  <Alert
    closable={true}
    description={
      <div>
        <ul>
          <li>
            Start Date cannot be before verification date: 
            Jan 01 0001
          </li>
          <li>
            The start date must be before the end date
          </li>
          <li>
            Dates cannot be set in the future
          </li>
          <li>
            If the application has been processed, dates cannot be set after the decision date
          </li>
          <li>
            Delay start and end dates cannot overlap with previous delays
          </li>
        </ul>
      </div>
    }
    message="Rules for editing progress and delay dates"
    showIcon={true}
    type="info"
  />
  <br />
  <Connect(ReduxForm)
    initialValues={Object {}}
    name="UPDATE_PROGRESS_DATE_FORM"
    onSubmit={[MockFunction]}
    reduxFormConfig={
      Object {
        "onSubmitSuccess": [Function],
        "touchOnBlur": false,
        "validate": [Function],
      }
    }
  >
    <Row
      gutter={16}
    >
      <Col
        span={24}
      >
        <Field
          component={[Function]}
          id="verified_by_user_date"
          label="Verification/Import Date"
          name="verified_by_user_date"
          required={true}
          validate={
            Array [
              [Function],
              [Function],
              [Function],
            ]
          }
        />
      </Col>
    </Row>
    <div
      className="right center-mobile"
    >
      <ForwardRef
        cancelText="No"
        okText="Yes"
        onConfirm={[MockFunction]}
        placement="topRight"
        title="Are you sure you want to cancel?"
      >
        <Button
          className="full-mobile"
          type="secondary"
        >
          Cancel
        </Button>
      </ForwardRef>
      <Connect(AuthorizationWrapper)
        permission="role_edit_now_dates"
      >
        <Button
          htmlType="submit"
          type="primary"
        >
          Update
        </Button>
      </Connect(AuthorizationWrapper)>
    </div>
  </Connect(ReduxForm)>
</div>
`;
