// Jest Snapshot v1, https://goo.gl/fbAQLP

exports[`AddIncidentReportingForm renders properly 1`] = `
<div>
  <ForwardRef(InternalForm)
    layout="vertical"
  >
    <InternalFormItem
      label="Incident type(s)"
    >
      <Field
        component={[Function]}
        data={Object {}}
        id="categories"
        name="categories"
        placeholder="Select incident type(s)"
        validate={
          Array [
            [Function],
          ]
        }
      />
    </InternalFormItem>
    <Divider />
    <ForwardRef(Text)>
      <h4>
        Reporter Details
      </h4>
    </ForwardRef(Text)>
    <InternalFormItem
      label="Reported by"
    >
      <Field
        component={[Function]}
        id="reported_by_name"
        name="reported_by_name"
        placeholder="Enter name of reporter"
        validate={
          Array [
            [Function],
          ]
        }
      />
    </InternalFormItem>
    <Row
      gutter={16}
    >
      <Col
        md={12}
        xs={24}
      >
        <InternalFormItem
          label="Phone number (optional)"
        >
          <Field
            component={[Function]}
            id="reported_by_phone_no"
            name="reported_by_phone_no"
            normalize={[Function]}
            placeholder="xxx-xxx-xxxx"
            validate={
              Array [
                [Function],
                [Function],
              ]
            }
          />
        </InternalFormItem>
      </Col>
      <Col
        md={12}
        xs={24}
      >
        <InternalFormItem
          label="Phone extension (optional)"
        >
          <Field
            component={[Function]}
            id="reported_by_phone_ext"
            name="reported_by_phone_ext"
            placeholder="xxxxxx"
            validate={
              Array [
                [Function],
                [Function],
              ]
            }
          />
        </InternalFormItem>
      </Col>
    </Row>
    <InternalFormItem
      label="Email address (optional)"
    >
      <Field
        component={[Function]}
        id="reported_by_email"
        name="reported_by_email"
        placeholder="example@domain.com"
        validate={
          Array [
            [Function],
          ]
        }
      />
    </InternalFormItem>
  </ForwardRef(InternalForm)>
</div>
`;
