// Jest Snapshot v1, https://goo.gl/fbAQLP

exports[`MineWorkInformation renders properly 1`] = `
<div
  className="work-information-container "
>
  <div
    className="inline-flex between"
  >
    <Title
      level={4}
    >
      Work Information
    </Title>
    <span>
      <Button
        block={false}
        ghost={false}
        htmlType="button"
        loading={false}
        onClick={[Function]}
        type="link"
      >
        <img
          alt="Edit"
          src={
            Object {
              "process": [Function],
            }
          }
        />
      </Button>
    </span>
  </div>
  <Row
    gutter={5}
  >
    <Paragraph>
      Keep your start and stop work dates current. Sections 6.1.2 and 6.2.2 of the Health, Safety & Reclamation Code apply to any person doing any work (mining activity) at, on, or about the mine site.
    </Paragraph>
  </Row>
  <Row
    gutter={16}
  >
    <Col
      span={24}
    >
      <LoadingWrapper
        delay={1000}
        iconSize={80}
        isLoaded={true}
        tip=""
      >
        <div>
          <Row
            gutter={0}
          >
            <div>
              <Row
                gutter={16}
              >
                <Col
                  span={22}
                >
                  <Descriptions
                    colon={false}
                    column={5}
                    size="default"
                  >
                    <DescriptionsItem
                      label={
                        <React.Fragment>
                          <Tooltip
                            arrowPointAtCenter={false}
                            autoAdjustOverflow={true}
                            mouseEnterDelay={0.3}
                            mouseLeaveDelay={0.1}
                            overlayClassName="minespace-tooltip"
                            placement="right"
                            title={
                              <React.Fragment>
                                <Text
                                  strong={true}
                                >
                                  Health, Safety and Reclamation Code for Mines in British Columbia
                                </Text>
                                <br />
                                <Text
                                  underline={true}
                                >
                                  Notice To Start Work
                                </Text>
                                <br />
                                <Text>
                                  6.2.1 The manager shall give 10 days’ notice to an inspector of intention to start [any mining activity] in, at, or about a mine, including seasonal reactivation.
                                </Text>
                              </React.Fragment>
                            }
                            transitionName="zoom-big-fast"
                          >
                            <ForwardRef(InfoCircleOutlined)
                              className="padding-sm"
                            />
                          </Tooltip>
                          Work Start Date
                        </React.Fragment>
                      }
                    >
                      Aug 24 2021
                    </DescriptionsItem>
                    <DescriptionsItem
                      label={
                        <React.Fragment>
                          <Tooltip
                            arrowPointAtCenter={false}
                            autoAdjustOverflow={true}
                            mouseEnterDelay={0.3}
                            mouseLeaveDelay={0.1}
                            overlayClassName="minespace-tooltip"
                            placement="right"
                            title={
                              <React.Fragment>
                                <Text
                                  strong={true}
                                >
                                  Health, Safety and Reclamation Code for Mines in British Columbia
                                </Text>
                                <br />
                                <Text
                                  underline={true}
                                >
                                  Notice to Stop Work
                                </Text>
                                <br />
                                <Text>
                                  6.2.2 The manager shall give notice to an inspector of intention to stop [any mining activity] in, at, or about a mine, permanently, indefinitely, or for a definite period exceeding 30 days, and except in an emergency, the notice shall be not less than seven days.
                                </Text>
                              </React.Fragment>
                            }
                            transitionName="zoom-big-fast"
                          >
                            <ForwardRef(InfoCircleOutlined)
                              className="padding-sm"
                            />
                          </Tooltip>
                          Work Stop Date
                        </React.Fragment>
                      }
                    >
                      Aug 03 2023
                    </DescriptionsItem>
                    <DescriptionsItem
                      label="Work Status"
                    >
                      <Badge
                        count={null}
                        dot={false}
                        overflowCount={99}
                        showZero={false}
                        status="warning"
                        text="Not Working"
                      />
                    </DescriptionsItem>
                  </Descriptions>
                </Col>
              </Row>
              <Row
                gutter={16}
              >
                <Col
                  span={24}
                />
              </Row>
            </div>
          </Row>
          <Row
            gutter={0}
          >
            <Descriptions
              column={
                Object {
                  "lg": 3,
                  "md": 3,
                  "sm": 2,
                  "xl": 3,
                  "xs": 1,
                  "xxl": 3,
                }
              }
              size="small"
            >
              <DescriptionsItem
                label="Updated By"
              >
                test
              </DescriptionsItem>
              <DescriptionsItem
                label="Updated Date"
              >
                Aug 23, 2021 12:00 AM
              </DescriptionsItem>
            </Descriptions>
          </Row>
        </div>
      </LoadingWrapper>
    </Col>
  </Row>
</div>
`;
