// Jest Snapshot v1, https://goo.gl/fbAQLP

exports[`ModalWrapper renders properly 1`] = `
<Fragment>
  <div />
  <Modal
    closable={false}
    destroyOnClose={true}
    footer={null}
    getContainer={[Function]}
    open={false}
    title="mockTitle"
    width={520}
  >
    <ForwardRef
      cancelText="No"
      className="modal__close"
      okText="Yes"
      onConfirm={[Function]}
      placement="bottomRight"
      title="Are you sure you want to cancel?"
    >
      <Button
        className="modal__close"
        type="text"
      >
        <ForwardRef(CloseOutlined)
          className="icon-sm"
        />
      </Button>
    </ForwardRef>
    <Connect(AddPartyComponentWrapper)
      childProps={
        Object {
          "title": "mockTitle",
        }
      }
      clearOnSubmit={false}
      closeModal={[MockFunction]}
      content={[MockFunction]}
    />
  </Modal>
</Fragment>
`;
