// Jest Snapshot v1, https://goo.gl/fbAQLP

exports[`ExplosivesPermitForm renders properly 1`] = `
<Fragment>
  <Form
    colon={true}
    hideRequiredMark={false}
    layout="vertical"
    onSubmit={[Function]}
  >
    <ForwardRef
      level={3}
    >
      Add Permit
    </ForwardRef>
    <div>
      <ForwardRef>
        Let's get your permit started, in CORE you can...
      </ForwardRef>
      <div>
        <ForwardRef>
          <ul
            className="landing-list"
          >
            <li>
              <ForwardRef(Text)
                strong={true}
              >
                Add an existing permit 
              </ForwardRef(Text)>
              <ForwardRef(Text)>
                that was previously issued but does not exist in CORE and Minespace. This will help you keep track of your past permits and activities.
              </ForwardRef(Text)>
            </li>
            <li>
              <ForwardRef(Text)
                strong={true}
              >
                Create a new permit 
              </ForwardRef(Text)>
              <ForwardRef(Text)>
                this is meant for new explosive storage and use permits.
              </ForwardRef(Text)>
            </li>
            <li>
              <ForwardRef(Text)
                strong={true}
              >
                Amend an existing permit 
              </ForwardRef(Text)>
              <ForwardRef(Text)>
                that has already been added to CORE and Minespace. This will allow you to make changes to your permit conditions, such as the dates, amount of explosives.
              </ForwardRef(Text)>
            </li>
          </ul>
        </ForwardRef>
      </div>
    </div>
    <div
      className="landing-list"
    >
      <h4
        className="uppercase"
      >
        DEFAULT TO "ADD EXISTING" FROM PERMIT PAGE / "CREATE NEW" FROM APPLICATION PAGE
      </h4>
      <br />
      <ForwardRef(Text)>
        Select an action below to get started:
      </ForwardRef(Text)>
      <div
        className="landing-list"
      >
        <Memo([object Object])
          className="vertical-radio-group"
          onChange={[Function]}
          value={2}
        >
          <Radio
            value={1}
          >
            Add an existing explosive storage and use permit
          </Radio>
          <Radio
            value={2}
          >
            Create new explosive storage and use permit
          </Radio>
          <Radio
            value={3}
          >
            Amend an existing explosive storage and use permit
          </Radio>
        </Memo([object Object])>
      </div>
    </div>
    <div
      style={
        Object {
          "paddingTop": "16px",
        }
      }
    />
    <div
      className="right center-mobile"
      style={
        Object {
          "paddingTop": "14px",
        }
      }
    >
      <ForwardRef
        cancelText="No"
        okText="Yes"
        onConfirm={[MockFunction]}
        placement="topRight"
        title="Are you sure you want to cancel?"
      >
        <Button
          className="full-mobile"
        >
          Cancel
        </Button>
      </ForwardRef>
      <Button
        disabled={false}
        onClick={[Function]}
        type="primary"
      >
        Next
      </Button>
    </div>
  </Form>
</Fragment>
`;
