// Jest Snapshot v1, https://goo.gl/fbAQLP

exports[`HeaderDropdown renders properly 1`] = `
<span>
  <MediaQueryContextConsumer
    minWidth={1280}
  >
    <Connect(AuthorizationWrapper)>
      <Link
        className="header-link active"
        to="/mines"
      >
        My Mines
      </Link>
    </Connect(AuthorizationWrapper)>
    <Dropdown
      overlay={
        <Menu
          className="header-dropdown-menu"
        >
          <MenuItem>
            <Button
              className="header-dropdown-item-button"
              onClick={[Function]}
            >
              Log out
            </Button>
          </MenuItem>
        </Menu>
      }
    >
      <Button
        className="header-dropdown-button"
      >
        <ForwardRef(CaretDownOutlined) />
      </Button>
    </Dropdown>
  </MediaQueryContextConsumer>
  <MediaQueryContextConsumer
    maxWidth={1279}
  >
    <Dropdown
      overlay={
        <Menu
          className="header-dropdown-menu"
        >
          <Memo(Connect(AuthorizationWrapper))>
            <MenuItem>
              <Button
                className="header-dropdown-item-button"
              >
                <Link
                  to="/mines"
                >
                  My Mines
                </Link>
              </Button>
            </MenuItem>
          </Memo(Connect(AuthorizationWrapper))>
          <Divider
            className="bg-color-table-seperator"
            style={
              Object {
                "margin": 0,
              }
            }
          />
          <MenuItem>
            <Button
              className="header-dropdown-item-button"
              onClick={[Function]}
            >
              Log out
            </Button>
          </MenuItem>
        </Menu>
      }
      placement="bottomRight"
    >
      <Button
        className="header-dropdown-button"
        id="dropdown-menu-mobile-trigger"
      >
        <img
          alt="Menu"
          src={
            Object {
              "process": [Function],
            }
          }
        />
      </Button>
    </Dropdown>
  </MediaQueryContextConsumer>
</span>
`;
