// Jest Snapshot v1, https://goo.gl/fbAQLP

exports[`InformationRequirementsTableEntryTab renders properly 1`] = `
<Row>
  <Col
    span={24}
  >
    <Title
      level={4}
    >
      Information Requirements Table
    </Title>
  </Col>
  <Col
    span={24}
  >
    <div
      style={
        Object {
          "textAlign": "center",
        }
      }
    >
      <Empty
        description={false}
        image={<Simple />}
        imageStyle={
          Object {
            "transform": "scale(2.0)",
          }
        }
      />
      <br />
      <Paragraph>
        <Title
          level={5}
        >
          Resume IRT submission
        </Title>
        <div
          style={
            Object {
              "margin": "0 auto",
              "width": "60%",
            }
          }
        >
          <Steps
            current={2}
            size="small"
          >
            <Step
              title="Download Template"
            />
            <Step
              title="Import File"
            />
            <Step
              title="Review & Submit"
            />
          </Steps>
        </div>
        <br />
        Based on your project description, an Information Requirements Table is
         
        <b>
          optional
        </b>
        .
      </Paragraph>
      <Paragraph>
        Resume where you left off by clicking the button below.
      </Paragraph>
      <div>
        <Button
          block={false}
          ghost={false}
          htmlType="button"
          loading={false}
          onClick={[Function]}
          type="primary"
        >
          Resume
        </Button>
      </div>
    </div>
  </Col>
</Row>
`;
