// Jest Snapshot v1, https://goo.gl/fbAQLP

exports[`MapPopup renders properly 1`] = `
<div>
  <table
    className="minePopUpText"
    style={
      Object {
        "width": "100%",
      }
    }
  >
    <tr>
      <td
        className="leftMapPopUpCol field-title"
      >
        Mine No.
      </td>
      <td />
    </tr>
    <tr>
      <td
        className="leftMapPopUpCol field-title"
      >
        Permit No.
      </td>
      <td>
        N/A
        <br />
      </td>
    </tr>
    <tr>
      <td
        className="leftMapPopUpCol field-title"
      >
        Commodities
      </td>
      <td>
        N/A
        <br />
      </td>
    </tr>
  </table>
  <StaticRouter
    context={Object {}}
  >
    <Link
      to="/mine-dashboard/undefined/"
    >
      <div
        className="mineMapPopUpButton"
      >
        <Button
          block={false}
          ghost={false}
          htmlType="button"
          loading={false}
          type="primary"
        >
          View Mine
        </Button>
      </div>
    </Link>
  </StaticRouter>
</div>
`;
