// Jest Snapshot v1, https://goo.gl/fbAQLP

exports[`RenderCheckbox renders properly 1`] = `
<div>
  <div
    class="ant-form-item ant-form-item-with-help"
  >
    <div
      class="ant-row ant-form-item-row"
    >
      <div
        class="ant-col ant-form-item-control"
      >
        <div
          class="ant-form-item-control-input"
        >
          <div
            class="ant-form-item-control-input-content"
          >
            <label
              class="ant-checkbox-wrapper ant-checkbox-wrapper-in-form-item"
            >
              <span
                class="ant-checkbox"
              >
                <input
                  class="ant-checkbox-input"
                  id="check"
                  type="checkbox"
                  value=""
                />
                <span
                  class="ant-checkbox-inner"
                />
              </span>
              <span>
                Mock Label
              </span>
            </label>
          </div>
        </div>
        <div
          style="display: flex; flex-wrap: nowrap;"
        >
          <div
            class="ant-form-item-explain ant-form-item-explain-connected"
            id="check_help"
            role="alert"
          >
            <div
              class=""
            />
          </div>
        </div>
      </div>
    </div>
  </div>
</div>
`;
