// Jest Snapshot v1, https://goo.gl/fbAQLP

exports[`AdminDashboard renders properly 1`] = `
<div>
  <div
    className="landing-page__header"
  >
    <Row>
      <Col
        lg={12}
        md={14}
        sm={22}
      >
        <h1>
          Administrative Dashboard
        </h1>
      </Col>
    </Row>
  </div>
  <Connect(AdminNavigation)
    activeButton=""
    openSubMenuKey={
      Array [
        "",
      ]
    }
  />
  <AdminDashboardRoutes />
</div>
`;
