// Jest Snapshot v1, https://goo.gl/fbAQLP

exports[`MinespaceUserManagement renders properly 1`] = `
<div
  className="tab__content"
>
  <h2>
    MineSpace User Management
  </h2>
  <Divider />
  <br />
  <Connect(NewMinespaceUser)
    handleSubmit={[Function]}
    minespaceUserEmailHash={Object {}}
  />
  <h3>
    MineSpace Users
  </h3>
  <MinespaceUserList
    handleDelete={[Function]}
    handleOpenModal={[Function]}
    isLoaded={false}
    minespaceUserMines={Array []}
    minespaceUsers={Array []}
  />
</div>
`;
