// Jest Snapshot v1, https://goo.gl/fbAQLP

exports[`Inspections renders properly 1`] = `
<Row>
  <Col
    span={24}
  >
    <ForwardRef
      level={4}
    >
      Inspections
    </ForwardRef>
    <ForwardRef>
      This table shows your mine's 
      <ForwardRef(Text)
        className="color-primary"
        strong={true}
      >
        inspection history
      </ForwardRef(Text)>
       since March 2018. Each row represents an individual order.
    </ForwardRef>
    <InspectionsTable
      isLoaded={false}
      orders={
        Array [
          Object {
            "due_date": "",
            "inspector": "TEST",
            "order_no": "1234-1",
            "overdue": false,
            "report_no": "1234",
            "violation": "2.2",
          },
          Object {
            "due_date": "2019-12-31",
            "inspector": "TEST",
            "order_no": "1234-2",
            "overdue": true,
            "report_no": "1234",
            "violation": "2.3",
          },
          Object {
            "due_date": "",
            "inspector": "TEST",
            "order_no": "1234-3",
            "overdue": false,
            "report_no": "1234",
            "violation": "1.1.1",
          },
        ]
      }
    />
  </Col>
</Row>
`;
