// Jest Snapshot v1, https://goo.gl/fbAQLP

exports[`FileUpload renders properly 1`] = `
<div
  className="whirlpool-container"
>
  <Switch
    checked={false}
    checkedChildren={<ForwardRef(FunnelPlotOutlined) />}
    className="ant-switch-overlay"
    onChange={[Function]}
    unCheckedChildren={<ForwardRef(FunnelPlotOutlined) />}
  />
  <FilePond
    acceptedFileTypes={Array []}
    allowFileTypeValidation={false}
    allowMultiple={true}
    allowReorder={false}
    allowRevert={false}
    credits={null}
    fileValidateTypeDetectType={[Function]}
    fileValidateTypeLabelExpectedTypesMap={Object {}}
    itemInsertLocation="before"
    labelIdle="<strong>Drag & Drop your files or <span class=\\"filepond--label-action\\">Browse</span></strong><br>   <div>Accepted filetypes: .kmz, .doc, .docx, .xlsx, .pdf</div>"
    maxFileSize="750MB"
    name="file"
    onaddfilestart={[MockFunction]}
    onprocessfileabort={[Function]}
    onprocessfiles={[Function]}
    onremovefile={[MockFunction]}
    server={
      Object {
        "process": [Function],
      }
    }
  />
</div>
`;
