// Jest Snapshot v1, https://goo.gl/fbAQLP

exports[`FilePicker renders properly 1`] = `
<div>
  <div
    className="center"
  >
    <FormItem
      hasFeedback={false}
    >
      <Memo([object Object])
        defaultValue={true}
        onChange={[Function]}
        size="large"
      >
        <ForwardRef(RadioButton)
          value={true}
        >
          Upload new file(s)
        </ForwardRef(RadioButton)>
        <ForwardRef(RadioButton)
          value={false}
        >
          Attach existing file(s)
        </ForwardRef(RadioButton)>
      </Memo([object Object])>
    </FormItem>
  </div>
  <FormItem
    hasFeedback={false}
  >
    <Field
      component={[Function]}
      existingFilesDropdown={
        Array [
          Object {
            "label": "file",
            "value": "GUID",
          },
        ]
      }
      id="fileUpload"
      name="fileUpload"
      onSelectExisting={[MockFunction]}
      uploadUrl="localhost:9999"
    />
  </FormItem>
</div>
`;
