// Jest Snapshot v1, https://goo.gl/fbAQLP

exports[`NOWPartySelectField renders properly 1`] = `
<RenderSelect
  data={Array []}
  disabled={false}
  onChange={
    [MockFunction] {
      "calls": Array [
        Array [
          "",
        ],
        Array [
          "Mock Party",
        ],
        Array [
          "29489218432",
        ],
      ],
      "results": Array [
        Object {
          "type": "return",
          "value": undefined,
        },
        Object {
          "type": "return",
          "value": undefined,
        },
        Object {
          "type": "return",
          "value": undefined,
        },
      ],
    }
  }
  onFocus={[Function]}
  onSelect={[Function]}
  placeholder="Search for Contact"
  value="mock value"
/>
`;
