// Jest Snapshot v1, https://goo.gl/fbAQLP

exports[`NOWPartySelectField renders properly 1`] = `
<FormItem
  hasFeedback={false}
  help={false}
  label="Party Select"
  validateStatus=""
>
  <ForwardRef(InternalSelect)
    backfill={true}
    defaultActiveFirstOption={false}
    disabled={false}
    dropdownMatchSelectWidth={true}
    filterOption={false}
    id={1}
    notFoundContent="Not Found"
    onChange={
      [MockFunction] {
        "calls": Array [
          Array [
            "",
          ],
          Array [
            "Mock Party",
          ],
          Array [
            "29489218432",
          ],
        ],
        "results": Array [
          Object {
            "type": "return",
            "value": undefined,
          },
          Object {
            "type": "return",
            "value": undefined,
          },
          Object {
            "type": "return",
            "value": undefined,
          },
        ],
      }
    }
    onFocus={[Function]}
    onSearch={[Function]}
    onSelect={[Function]}
    options={Array []}
    placeholder="Search for Contact"
    showSearch={true}
    style={
      Object {
        "width": "100%",
      }
    }
    value="mock value"
    virtual={false}
  />
</FormItem>
`;
