// Jest Snapshot v1, https://goo.gl/fbAQLP

exports[`PartySelectField renders properly 1`] = `
<Field
  allowAddingParties={false}
  component={[Function]}
  dataSource={Array []}
  fetchSearchResults={[MockFunction]}
  handleFocus={[Function]}
  handleSearch={[Function]}
  handleSelect={[Function]}
  id="party_guid"
  initialValue=""
  label="Name*"
  name="party_guid"
  organization={false}
  partyLabel="contact"
  person={false}
  searchResults={Array []}
  selectedOption={
    Object {
      "label": "",
      "value": "",
    }
  }
  validate={
    Array [
      [Function],
    ]
  }
/>
`;
