// Jest Snapshot v1, https://goo.gl/fbAQLP

exports[`RenderField renders properly 1`] = `
<FormItem
  hasFeedback={false}
  help={false}
  label=""
  validateStatus=""
>
  <div
    className="inline-flex"
    style={
      Object {
        "flexDirection": "column",
      }
    }
  >
    <Input
      allowClear={false}
      defaultValue=""
      disabled={false}
      id={1}
      placeholder=""
      type="text"
    />
  </div>
</FormItem>
`;
