// Jest Snapshot v1, https://goo.gl/fbAQLP

exports[`MineReportInfo renders properly 1`] = `
<div
  className="tab__content"
>
  <div
    className="inline-flex flex-end"
  >
    <Connect(AuthorizationWrapper)
      isMajorMine={true}
      permission="role_edit_reports"
    >
      <AddButton
        onClick={[Function]}
      >
        Add a Report
      </AddButton>
    </Connect(AuthorizationWrapper)>
  </div>
  <MineReportTable
    handleEditReport={[Function]}
    handleRemoveReport={[Function]}
    openEditReportModal={[Function]}
  />
</div>
`;
