// Jest Snapshot v1, https://goo.gl/fbAQLP

exports[`AddVarianceForm renders properly 1`] = `
<Form
  colon={true}
  hideRequiredMark={false}
  layout="vertical"
  onSubmit={[Function]}
>
  <Field
    component={[Function]}
    data={
      Array [
        Object {
          "article_act_code": "HSRCM",
          "compliance_article_id": "305",
          "description": "Spills",
          "effective_date": "1970-01-01",
          "expiry_date": "9999-12-31",
          "paragraph": "7",
          "section": "2",
          "sub_paragraph": null,
          "sub_section": "3",
        },
        Object {
          "article_act_code": "HSRCM",
          "compliance_article_id": "306",
          "description": "Flammable Waste Storage",
          "effective_date": "1970-01-01",
          "expiry_date": "9999-12-31",
          "paragraph": "8",
          "section": "2",
          "sub_paragraph": null,
          "sub_section": "3",
        },
      ]
    }
    id="compliance_article_id"
    label="Part of Code"
    name="compliance_article_id"
    placeholder="Select a part of the code"
    required={true}
    validate={
      Array [
        [Function],
      ]
    }
  />
  <Field
    component={[Function]}
    id="note"
    label="Description"
    name="note"
    validate={
      Array [
        [Function],
      ]
    }
  />
  <FormItem
    hasFeedback={false}
    label="Attached Files"
  >
    <ForwardRef>
      Please upload all of the required documents.
    </ForwardRef>
    <Field
      component={[Function]}
      id="uploadedFiles"
      mineGuid="1738472"
      name="uploadedFiles"
      onFileLoad={[Function]}
      onRemoveFile={[Function]}
    />
  </FormItem>
  <div
    className="ant-modal-footer"
  >
    <ForwardRef
      cancelText="No"
      okText="Yes"
      onConfirm={[MockFunction]}
      placement="topRight"
      title="Are you sure you want to cancel?"
    >
      <Button>
        Cancel
      </Button>
    </ForwardRef>
    <Button
      htmlType="submit"
      loading={false}
      type="primary"
    >
      Submit
    </Button>
  </div>
</Form>
`;
