// Jest Snapshot v1, https://goo.gl/fbAQLP

exports[`MineTailingsInfoTabs renders properly 1`] = `
<div
  class="tab__content"
>
  <div>
    <h2>
      Tailings Storage Facilities
    </h2>
    <div
      class="ant-divider ant-divider-horizontal"
      role="separator"
    />
  </div>
  <div
    class="ant-tabs ant-tabs-top ant-tabs-card"
    style="text-align: left !important;"
  >
    <div
      class="ant-tabs-nav"
      role="tablist"
    >
      <div
        class="ant-tabs-nav-wrap"
      >
        <div
          class="ant-tabs-nav-list"
          style="transform: translate(0px, 0px);"
        >
          <div
            class="ant-tabs-tab ant-tabs-tab-active"
            data-node-key="tsf"
          >
            <div
              aria-controls="rc-tabs-test-panel-tsf"
              aria-selected="true"
              class="ant-tabs-tab-btn"
              id="rc-tabs-test-tab-tsf"
              role="tab"
              tabindex="0"
            >
              Tailings Storage Facilities (1)
            </div>
          </div>
          <div
            class="ant-tabs-tab"
            data-node-key="reports"
          >
            <div
              aria-controls="rc-tabs-test-panel-reports"
              aria-selected="false"
              class="ant-tabs-tab-btn"
              id="rc-tabs-test-tab-reports"
              role="tab"
              tabindex="0"
            >
              Tailings Reports
            </div>
          </div>
          <div
            class="ant-tabs-tab"
            data-node-key="map"
          >
            <div
              aria-controls="rc-tabs-test-panel-map"
              aria-selected="false"
              class="ant-tabs-tab-btn"
              id="rc-tabs-test-tab-map"
              role="tab"
              tabindex="0"
            >
              Map
            </div>
          </div>
          <div
            class="ant-tabs-ink-bar ant-tabs-ink-bar-animated"
          />
        </div>
      </div>
      <div
        class="ant-tabs-nav-operations ant-tabs-nav-operations-hidden"
      >
        <button
          aria-controls="rc-tabs-test-more-popup"
          aria-expanded="false"
          aria-haspopup="listbox"
          aria-hidden="true"
          class="ant-tabs-nav-more"
          id="rc-tabs-test-more"
          style="visibility: hidden; order: 1;"
          tabindex="-1"
          type="button"
        >
          <span
            aria-label="ellipsis"
            class="anticon anticon-ellipsis"
            role="img"
          >
            <svg
              aria-hidden="true"
              data-icon="ellipsis"
              fill="currentColor"
              focusable="false"
              height="1em"
              viewBox="64 64 896 896"
              width="1em"
            >
              <path
                d="M176 511a56 56 0 10112 0 56 56 0 10-112 0zm280 0a56 56 0 10112 0 56 56 0 10-112 0zm280 0a56 56 0 10112 0 56 56 0 10-112 0z"
              />
            </svg>
          </span>
        </button>
      </div>
    </div>
    <div
      class="ant-tabs-content-holder"
    >
      <div
        class="ant-tabs-content ant-tabs-content-top"
      >
        <div
          aria-hidden="false"
          aria-labelledby="rc-tabs-test-tab-tsf"
          class="ant-tabs-tabpane ant-tabs-tabpane-active"
          id="rc-tabs-test-panel-tsf"
          role="tabpanel"
          tabindex="0"
        >
          <div>
            <br />
            <div
              class="inline-flex between"
            >
              <h4
                class="uppercase"
              >
                Tailings Storage Facilities
              </h4>
              <button
                class="ant-btn ant-btn-primary full-mobile btn--middle"
                type="button"
              >
                <span
                  aria-label="plus"
                  class="anticon anticon-plus"
                  role="img"
                >
                  <svg
                    aria-hidden="true"
                    class=""
                    data-icon="plus"
                    fill="currentColor"
                    focusable="false"
                    height="1em"
                    viewBox="64 64 896 896"
                    width="1em"
                  >
                    <path
                      d="M482 152h60q8 0 8 8v704q0 8-8 8h-60q-8 0-8-8V160q0-8 8-8z"
                    />
                    <path
                      d="M192 474h672q8 0 8 8v60q0 8-8 8H160q-8 0-8-8v-60q0-8 8-8z"
                    />
                  </svg>
                </span>
                <span>
                  Add TSF
                </span>
              </button>
            </div>
            <div
              class="ant-table-wrapper"
            >
              <div
                class="ant-spin-nested-loading"
              >
                <div
                  class="ant-spin-container"
                >
                  <div
                    class="ant-table"
                  >
                    <div
                      class="ant-table-container"
                    >
                      <div
                        class="ant-table-content"
                      >
                        <table
                          style="table-layout: auto;"
                        >
                          <colgroup>
                            <col />
                            <col />
                            <col />
                            <col
                              style="width: 5%;"
                            />
                          </colgroup>
                          <thead
                            class="ant-table-thead"
                          >
                            <tr>
                              <th
                                class="ant-table-cell"
                              >
                                Name
                              </th>
                              <th
                                class="ant-table-cell"
                              >
                                Operating Status
                              </th>
                              <th
                                class="ant-table-cell"
                              >
                                Consequence Classification
                              </th>
                              <th
                                class="ant-table-cell"
                              >
                                Independent Tailings Review Board
                              </th>
                              <th
                                class="ant-table-cell"
                              >
                                Permit #
                              </th>
                              <th
                                class="ant-table-cell"
                              >
                                Engineer of Record
                              </th>
                              <th
                                class="ant-table-cell"
                              >
                                Qualified Person
                              </th>
                              <th
                                class="ant-table-cell"
                              >
                                Latitude
                              </th>
                              <th
                                class="ant-table-cell"
                              >
                                Longitude
                              </th>
                              <th
                                class="ant-table-cell actions-column"
                              />
                            </tr>
                          </thead>
                          <tbody
                            class="ant-table-tbody"
                          />
                        </table>
                      </div>
                    </div>
                  </div>
                </div>
              </div>
            </div>
          </div>
        </div>
      </div>
    </div>
  </div>
</div>
`;
