// Jest Snapshot v1, https://goo.gl/fbAQLP

exports[`SearchCoordinatesForm renders properly 1`] = `
<Form
  colon={true}
  hideRequiredMark={false}
  layout="vertical"
  onSubmit={[MockFunction]}
>
  <FormItem
    hasFeedback={false}
  >
    <Field
      component={[Function]}
      id="latitude"
      name="latitude"
      placeholder="Latitude"
      validate={
        Array [
          [Function],
          [Function],
          [Function],
          [Function],
        ]
      }
    />
  </FormItem>
  <FormItem
    hasFeedback={false}
  >
    <Field
      component={[Function]}
      id="longitude"
      name="longitude"
      placeholder="Longitude"
      validate={
        Array [
          [Function],
          [Function],
          [Function],
          [Function],
        ]
      }
    />
  </FormItem>
  <div
    className="right center-mobile"
  >
    <Button
      className="full-mobile"
      htmlType="submit"
      type="primary"
    >
      <ForwardRef(SearchOutlined) />
    </Button>
  </div>
</Form>
`;
