// Jest Snapshot v1, https://goo.gl/fbAQLP

exports[`Variances renders properly 1`] = `
<Row
  gutter={0}
>
  <Col>
    <Title
      level={4}
    >
      Variances
    </Title>
    <Paragraph>
      This table shows your mine's 
      <Text
        className="color-primary"
        strong={true}
      >
        variance history
      </Text>
      , including applications in progress and variances you may need to renew.
    </Paragraph>
    <VariancesTable
      complianceCodesHash={
        Object {
          "305": "2.3.7 - Spills",
          "306": "2.3.8 - Flammable Waste Storage",
        }
      }
      isLoaded={false}
      mine={Object {}}
      openEditVarianceModal={[Function]}
      openViewVarianceModal={[Function]}
      varianceStatusOptionsHash={
        Object {
          "APP": "Approved",
          "DEN": "Denied",
          "NAP": "Not Applicable",
          "REV": "In Review",
        }
      }
    />
  </Col>
</Row>
`;
